###############################################################################
#
# IAR ELF Linker V8.32.3.193/W32 for ARM                  26/Jun/2023  21:10:15
# Copyright 2007-2019 IAR Systems AB.
#
#    Output file  =  
#        D:\Desktop\6_10_kws\project\iar\program\nor_sdram_zf_dtcm\Exe\RT106X.out
#    Map file     =  
#        D:\Desktop\6_10_kws\project\iar\program\nor_sdram_zf_dtcm\List\RT106X.map
#    Command line =  
#        -f C:\Users\zh'n\AppData\Local\Temp\EW4BEE.tmp
#        (D:\Desktop\6_10_kws\project\iar\program\nor_sdram_zf_dtcm\Obj\activations.o
#        D:\Desktop\6_10_kws\project\iar\program\nor_sdram_zf_dtcm\Obj\activations_common.o
#        D:\Desktop\6_10_kws\project\iar\program\nor_sdram_zf_dtcm\Obj\add.o
#        D:\Desktop\6_10_kws\project\iar\program\nor_sdram_zf_dtcm\Obj\add_common.o
#        D:\Desktop\6_10_kws\project\iar\program\nor_sdram_zf_dtcm\Obj\add_n.o
#        D:\Desktop\6_10_kws\project\iar\program\nor_sdram_zf_dtcm\Obj\all_ops_resolver.o
#        D:\Desktop\6_10_kws\project\iar\program\nor_sdram_zf_dtcm\Obj\arg_min_max.o
#        D:\Desktop\6_10_kws\project\iar\program\nor_sdram_zf_dtcm\Obj\assign_variable.o
#        D:\Desktop\6_10_kws\project\iar\program\nor_sdram_zf_dtcm\Obj\attitude_calculation.o
#        D:\Desktop\6_10_kws\project\iar\program\nor_sdram_zf_dtcm\Obj\audio_capture.o
#        D:\Desktop\6_10_kws\project\iar\program\nor_sdram_zf_dtcm\Obj\BasicMathFunctions.o
#        D:\Desktop\6_10_kws\project\iar\program\nor_sdram_zf_dtcm\Obj\batch_to_space_nd.o
#        D:\Desktop\6_10_kws\project\iar\program\nor_sdram_zf_dtcm\Obj\BayesFunctions.o
#        D:\Desktop\6_10_kws\project\iar\program\nor_sdram_zf_dtcm\Obj\beep.o
#        D:\Desktop\6_10_kws\project\iar\program\nor_sdram_zf_dtcm\Obj\bmx055.o
#        D:\Desktop\6_10_kws\project\iar\program\nor_sdram_zf_dtcm\Obj\board.o
#        D:\Desktop\6_10_kws\project\iar\program\nor_sdram_zf_dtcm\Obj\call_once.o
#        D:\Desktop\6_10_kws\project\iar\program\nor_sdram_zf_dtcm\Obj\cast.o
#        D:\Desktop\6_10_kws\project\iar\program\nor_sdram_zf_dtcm\Obj\ceil.o
#        D:\Desktop\6_10_kws\project\iar\program\nor_sdram_zf_dtcm\Obj\circular_buffer.o
#        D:\Desktop\6_10_kws\project\iar\program\nor_sdram_zf_dtcm\Obj\circular_buffer_common.o
#        D:\Desktop\6_10_kws\project\iar\program\nor_sdram_zf_dtcm\Obj\clock_config.o
#        D:\Desktop\6_10_kws\project\iar\program\nor_sdram_zf_dtcm\Obj\common.o
#        D:\Desktop\6_10_kws\project\iar\program\nor_sdram_zf_dtcm\Obj\CommonTables.o
#        D:\Desktop\6_10_kws\project\iar\program\nor_sdram_zf_dtcm\Obj\comparisons.o
#        D:\Desktop\6_10_kws\project\iar\program\nor_sdram_zf_dtcm\Obj\ComplexMathFunctions.o
#        D:\Desktop\6_10_kws\project\iar\program\nor_sdram_zf_dtcm\Obj\concatenation.o
#        D:\Desktop\6_10_kws\project\iar\program\nor_sdram_zf_dtcm\Obj\ControllerFunctions.o
#        D:\Desktop\6_10_kws\project\iar\program\nor_sdram_zf_dtcm\Obj\conv.o
#        D:\Desktop\6_10_kws\project\iar\program\nor_sdram_zf_dtcm\Obj\conv_common.o
#        D:\Desktop\6_10_kws\project\iar\program\nor_sdram_zf_dtcm\Obj\cumsum.o
#        D:\Desktop\6_10_kws\project\iar\program\nor_sdram_zf_dtcm\Obj\deal_img.o
#        D:\Desktop\6_10_kws\project\iar\program\nor_sdram_zf_dtcm\Obj\debug_log.o
#        D:\Desktop\6_10_kws\project\iar\program\nor_sdram_zf_dtcm\Obj\depth_to_space.o
#        D:\Desktop\6_10_kws\project\iar\program\nor_sdram_zf_dtcm\Obj\depthwise_conv.o
#        D:\Desktop\6_10_kws\project\iar\program\nor_sdram_zf_dtcm\Obj\depthwise_conv_common.o
#        D:\Desktop\6_10_kws\project\iar\program\nor_sdram_zf_dtcm\Obj\dequantize.o
#        D:\Desktop\6_10_kws\project\iar\program\nor_sdram_zf_dtcm\Obj\dequantize_common.o
#        D:\Desktop\6_10_kws\project\iar\program\nor_sdram_zf_dtcm\Obj\detection_postprocess.o
#        D:\Desktop\6_10_kws\project\iar\program\nor_sdram_zf_dtcm\Obj\diskio.o
#        D:\Desktop\6_10_kws\project\iar\program\nor_sdram_zf_dtcm\Obj\DistanceFunctions.o
#        D:\Desktop\6_10_kws\project\iar\program\nor_sdram_zf_dtcm\Obj\elementwise.o
#        D:\Desktop\6_10_kws\project\iar\program\nor_sdram_zf_dtcm\Obj\elu.o
#        D:\Desktop\6_10_kws\project\iar\program\nor_sdram_zf_dtcm\Obj\error_reporter.o
#        D:\Desktop\6_10_kws\project\iar\program\nor_sdram_zf_dtcm\Obj\ethosu.o
#        D:\Desktop\6_10_kws\project\iar\program\nor_sdram_zf_dtcm\Obj\evkmimxrt1064_flexspi_nor_config.o
#        D:\Desktop\6_10_kws\project\iar\program\nor_sdram_zf_dtcm\Obj\evkmimxrt1064_sdram_ini_dcd.o
#        D:\Desktop\6_10_kws\project\iar\program\nor_sdram_zf_dtcm\Obj\exp.o
#        D:\Desktop\6_10_kws\project\iar\program\nor_sdram_zf_dtcm\Obj\expand_dims.o
#        D:\Desktop\6_10_kws\project\iar\program\nor_sdram_zf_dtcm\Obj\fake_micro_context.o
#        D:\Desktop\6_10_kws\project\iar\program\nor_sdram_zf_dtcm\Obj\FastMathFunctions.o
#        D:\Desktop\6_10_kws\project\iar\program\nor_sdram_zf_dtcm\Obj\ff.o
#        D:\Desktop\6_10_kws\project\iar\program\nor_sdram_zf_dtcm\Obj\ffsystem.o
#        D:\Desktop\6_10_kws\project\iar\program\nor_sdram_zf_dtcm\Obj\ffunicode.o
#        D:\Desktop\6_10_kws\project\iar\program\nor_sdram_zf_dtcm\Obj\fill.o
#        D:\Desktop\6_10_kws\project\iar\program\nor_sdram_zf_dtcm\Obj\FilteringFunctions.o
#        D:\Desktop\6_10_kws\project\iar\program\nor_sdram_zf_dtcm\Obj\flatbuffer_conversions.o
#        D:\Desktop\6_10_kws\project\iar\program\nor_sdram_zf_dtcm\Obj\flatbuffer_utils.o
#        D:\Desktop\6_10_kws\project\iar\program\nor_sdram_zf_dtcm\Obj\floor.o
#        D:\Desktop\6_10_kws\project\iar\program\nor_sdram_zf_dtcm\Obj\floor_div.o
#        D:\Desktop\6_10_kws\project\iar\program\nor_sdram_zf_dtcm\Obj\floor_mod.o
#        D:\Desktop\6_10_kws\project\iar\program\nor_sdram_zf_dtcm\Obj\fsl_adapter_lpuart.o
#        D:\Desktop\6_10_kws\project\iar\program\nor_sdram_zf_dtcm\Obj\fsl_adc.o
#        D:\Desktop\6_10_kws\project\iar\program\nor_sdram_zf_dtcm\Obj\fsl_adc_etc.o
#        D:\Desktop\6_10_kws\project\iar\program\nor_sdram_zf_dtcm\Obj\fsl_aipstz.o
#        D:\Desktop\6_10_kws\project\iar\program\nor_sdram_zf_dtcm\Obj\fsl_aoi.o
#        D:\Desktop\6_10_kws\project\iar\program\nor_sdram_zf_dtcm\Obj\fsl_assert.o
#        D:\Desktop\6_10_kws\project\iar\program\nor_sdram_zf_dtcm\Obj\fsl_bee.o
#        D:\Desktop\6_10_kws\project\iar\program\nor_sdram_zf_dtcm\Obj\fsl_cache.o
#        D:\Desktop\6_10_kws\project\iar\program\nor_sdram_zf_dtcm\Obj\fsl_clock.o
#        D:\Desktop\6_10_kws\project\iar\program\nor_sdram_zf_dtcm\Obj\fsl_cmp.o
#        D:\Desktop\6_10_kws\project\iar\program\nor_sdram_zf_dtcm\Obj\fsl_common.o
#        D:\Desktop\6_10_kws\project\iar\program\nor_sdram_zf_dtcm\Obj\fsl_common_arm.o
#        D:\Desktop\6_10_kws\project\iar\program\nor_sdram_zf_dtcm\Obj\fsl_component_generic_list.o
#        D:\Desktop\6_10_kws\project\iar\program\nor_sdram_zf_dtcm\Obj\fsl_csi.o
#        D:\Desktop\6_10_kws\project\iar\program\nor_sdram_zf_dtcm\Obj\fsl_dcdc.o
#        D:\Desktop\6_10_kws\project\iar\program\nor_sdram_zf_dtcm\Obj\fsl_dcp.o
#        D:\Desktop\6_10_kws\project\iar\program\nor_sdram_zf_dtcm\Obj\fsl_debug_console.o
#        D:\Desktop\6_10_kws\project\iar\program\nor_sdram_zf_dtcm\Obj\fsl_dmamux.o
#        D:\Desktop\6_10_kws\project\iar\program\nor_sdram_zf_dtcm\Obj\fsl_edma.o
#        D:\Desktop\6_10_kws\project\iar\program\nor_sdram_zf_dtcm\Obj\fsl_elcdif.o
#        D:\Desktop\6_10_kws\project\iar\program\nor_sdram_zf_dtcm\Obj\fsl_enc.o
#        D:\Desktop\6_10_kws\project\iar\program\nor_sdram_zf_dtcm\Obj\fsl_enet.o
#        D:\Desktop\6_10_kws\project\iar\program\nor_sdram_zf_dtcm\Obj\fsl_ewm.o
#        D:\Desktop\6_10_kws\project\iar\program\nor_sdram_zf_dtcm\Obj\fsl_flexcan.o
#        D:\Desktop\6_10_kws\project\iar\program\nor_sdram_zf_dtcm\Obj\fsl_flexcan_edma.o
#        D:\Desktop\6_10_kws\project\iar\program\nor_sdram_zf_dtcm\Obj\fsl_flexio.o
#        D:\Desktop\6_10_kws\project\iar\program\nor_sdram_zf_dtcm\Obj\fsl_flexio_camera.o
#        D:\Desktop\6_10_kws\project\iar\program\nor_sdram_zf_dtcm\Obj\fsl_flexio_camera_edma.o
#        D:\Desktop\6_10_kws\project\iar\program\nor_sdram_zf_dtcm\Obj\fsl_flexio_i2c_master.o
#        D:\Desktop\6_10_kws\project\iar\program\nor_sdram_zf_dtcm\Obj\fsl_flexio_i2s.o
#        D:\Desktop\6_10_kws\project\iar\program\nor_sdram_zf_dtcm\Obj\fsl_flexio_i2s_edma.o
#        D:\Desktop\6_10_kws\project\iar\program\nor_sdram_zf_dtcm\Obj\fsl_flexio_mculcd.o
#        D:\Desktop\6_10_kws\project\iar\program\nor_sdram_zf_dtcm\Obj\fsl_flexio_mculcd_edma.o
#        D:\Desktop\6_10_kws\project\iar\program\nor_sdram_zf_dtcm\Obj\fsl_flexio_spi.o
#        D:\Desktop\6_10_kws\project\iar\program\nor_sdram_zf_dtcm\Obj\fsl_flexio_spi_edma.o
#        D:\Desktop\6_10_kws\project\iar\program\nor_sdram_zf_dtcm\Obj\fsl_flexio_uart.o
#        D:\Desktop\6_10_kws\project\iar\program\nor_sdram_zf_dtcm\Obj\fsl_flexio_uart_edma.o
#        D:\Desktop\6_10_kws\project\iar\program\nor_sdram_zf_dtcm\Obj\fsl_flexram.o
#        D:\Desktop\6_10_kws\project\iar\program\nor_sdram_zf_dtcm\Obj\fsl_flexram_allocate.o
#        D:\Desktop\6_10_kws\project\iar\program\nor_sdram_zf_dtcm\Obj\fsl_flexspi.o
#        D:\Desktop\6_10_kws\project\iar\program\nor_sdram_zf_dtcm\Obj\fsl_flexspi_edma.o
#        D:\Desktop\6_10_kws\project\iar\program\nor_sdram_zf_dtcm\Obj\fsl_flexspi_nor_boot.o
#        D:\Desktop\6_10_kws\project\iar\program\nor_sdram_zf_dtcm\Obj\fsl_gpc.o
#        D:\Desktop\6_10_kws\project\iar\program\nor_sdram_zf_dtcm\Obj\fsl_gpio.o
#        D:\Desktop\6_10_kws\project\iar\program\nor_sdram_zf_dtcm\Obj\fsl_gpt.o
#        D:\Desktop\6_10_kws\project\iar\program\nor_sdram_zf_dtcm\Obj\fsl_kpp.o
#        D:\Desktop\6_10_kws\project\iar\program\nor_sdram_zf_dtcm\Obj\fsl_lpi2c.o
#        D:\Desktop\6_10_kws\project\iar\program\nor_sdram_zf_dtcm\Obj\fsl_lpi2c_edma.o
#        D:\Desktop\6_10_kws\project\iar\program\nor_sdram_zf_dtcm\Obj\fsl_lpspi.o
#        D:\Desktop\6_10_kws\project\iar\program\nor_sdram_zf_dtcm\Obj\fsl_lpspi_edma.o
#        D:\Desktop\6_10_kws\project\iar\program\nor_sdram_zf_dtcm\Obj\fsl_lpuart.o
#        D:\Desktop\6_10_kws\project\iar\program\nor_sdram_zf_dtcm\Obj\fsl_lpuart_edma.o
#        D:\Desktop\6_10_kws\project\iar\program\nor_sdram_zf_dtcm\Obj\fsl_ocotp.o
#        D:\Desktop\6_10_kws\project\iar\program\nor_sdram_zf_dtcm\Obj\fsl_os_abstraction_bm.o
#        D:\Desktop\6_10_kws\project\iar\program\nor_sdram_zf_dtcm\Obj\fsl_pit.o
#        D:\Desktop\6_10_kws\project\iar\program\nor_sdram_zf_dtcm\Obj\fsl_pmu.o
#        D:\Desktop\6_10_kws\project\iar\program\nor_sdram_zf_dtcm\Obj\fsl_pwm.o
#        D:\Desktop\6_10_kws\project\iar\program\nor_sdram_zf_dtcm\Obj\fsl_pxp.o
#        D:\Desktop\6_10_kws\project\iar\program\nor_sdram_zf_dtcm\Obj\fsl_qtmr.o
#        D:\Desktop\6_10_kws\project\iar\program\nor_sdram_zf_dtcm\Obj\fsl_romapi.o
#        D:\Desktop\6_10_kws\project\iar\program\nor_sdram_zf_dtcm\Obj\fsl_rtwdog.o
#        D:\Desktop\6_10_kws\project\iar\program\nor_sdram_zf_dtcm\Obj\fsl_sai.o
#        D:\Desktop\6_10_kws\project\iar\program\nor_sdram_zf_dtcm\Obj\fsl_sai_edma.o
#        D:\Desktop\6_10_kws\project\iar\program\nor_sdram_zf_dtcm\Obj\fsl_sd.o
#        D:\Desktop\6_10_kws\project\iar\program\nor_sdram_zf_dtcm\Obj\fsl_sd_disk.o
#        D:\Desktop\6_10_kws\project\iar\program\nor_sdram_zf_dtcm\Obj\fsl_sdmmc_common.o
#        D:\Desktop\6_10_kws\project\iar\program\nor_sdram_zf_dtcm\Obj\fsl_sdmmc_host.o
#        D:\Desktop\6_10_kws\project\iar\program\nor_sdram_zf_dtcm\Obj\fsl_sdmmc_osa.o
#        D:\Desktop\6_10_kws\project\iar\program\nor_sdram_zf_dtcm\Obj\fsl_semc.o
#        D:\Desktop\6_10_kws\project\iar\program\nor_sdram_zf_dtcm\Obj\fsl_snvs_hp.o
#        D:\Desktop\6_10_kws\project\iar\program\nor_sdram_zf_dtcm\Obj\fsl_snvs_lp.o
#        D:\Desktop\6_10_kws\project\iar\program\nor_sdram_zf_dtcm\Obj\fsl_spdif.o
#        D:\Desktop\6_10_kws\project\iar\program\nor_sdram_zf_dtcm\Obj\fsl_spdif_edma.o
#        D:\Desktop\6_10_kws\project\iar\program\nor_sdram_zf_dtcm\Obj\fsl_src.o
#        D:\Desktop\6_10_kws\project\iar\program\nor_sdram_zf_dtcm\Obj\fsl_tempmon.o
#        D:\Desktop\6_10_kws\project\iar\program\nor_sdram_zf_dtcm\Obj\fsl_trng.o
#        D:\Desktop\6_10_kws\project\iar\program\nor_sdram_zf_dtcm\Obj\fsl_tsc.o
#        D:\Desktop\6_10_kws\project\iar\program\nor_sdram_zf_dtcm\Obj\fsl_usdhc.o
#        D:\Desktop\6_10_kws\project\iar\program\nor_sdram_zf_dtcm\Obj\fsl_wdog.o
#        D:\Desktop\6_10_kws\project\iar\program\nor_sdram_zf_dtcm\Obj\fsl_xbara.o
#        D:\Desktop\6_10_kws\project\iar\program\nor_sdram_zf_dtcm\Obj\fsl_xbarb.o
#        D:\Desktop\6_10_kws\project\iar\program\nor_sdram_zf_dtcm\Obj\fully_connected.o
#        D:\Desktop\6_10_kws\project\iar\program\nor_sdram_zf_dtcm\Obj\fully_connected_common.o
#        D:\Desktop\6_10_kws\project\iar\program\nor_sdram_zf_dtcm\Obj\gather.o
#        D:\Desktop\6_10_kws\project\iar\program\nor_sdram_zf_dtcm\Obj\gather_nd.o
#        D:\Desktop\6_10_kws\project\iar\program\nor_sdram_zf_dtcm\Obj\get_top_n.o
#        D:\Desktop\6_10_kws\project\iar\program\nor_sdram_zf_dtcm\Obj\greedy_memory_planner.o
#        D:\Desktop\6_10_kws\project\iar\program\nor_sdram_zf_dtcm\Obj\hard_swish.o
#        D:\Desktop\6_10_kws\project\iar\program\nor_sdram_zf_dtcm\Obj\hard_swish_common.o
#        D:\Desktop\6_10_kws\project\iar\program\nor_sdram_zf_dtcm\Obj\if.o
#        D:\Desktop\6_10_kws\project\iar\program\nor_sdram_zf_dtcm\Obj\InterpolationFunctions.o
#        D:\Desktop\6_10_kws\project\iar\program\nor_sdram_zf_dtcm\Obj\isr.o
#        D:\Desktop\6_10_kws\project\iar\program\nor_sdram_zf_dtcm\Obj\kernel_util.o
#        D:\Desktop\6_10_kws\project\iar\program\nor_sdram_zf_dtcm\Obj\kernel_utils.o
#        D:\Desktop\6_10_kws\project\iar\program\nor_sdram_zf_dtcm\Obj\key.o
#        D:\Desktop\6_10_kws\project\iar\program\nor_sdram_zf_dtcm\Obj\kws_mfcc.o
#        D:\Desktop\6_10_kws\project\iar\program\nor_sdram_zf_dtcm\Obj\l2_pool_2d.o
#        D:\Desktop\6_10_kws\project\iar\program\nor_sdram_zf_dtcm\Obj\l2norm.o
#        D:\Desktop\6_10_kws\project\iar\program\nor_sdram_zf_dtcm\Obj\lcd_menu.o
#        D:\Desktop\6_10_kws\project\iar\program\nor_sdram_zf_dtcm\Obj\lcd_show.o
#        D:\Desktop\6_10_kws\project\iar\program\nor_sdram_zf_dtcm\Obj\leaky_relu.o
#        D:\Desktop\6_10_kws\project\iar\program\nor_sdram_zf_dtcm\Obj\leaky_relu_common.o
#        D:\Desktop\6_10_kws\project\iar\program\nor_sdram_zf_dtcm\Obj\linear_memory_planner.o
#        D:\Desktop\6_10_kws\project\iar\program\nor_sdram_zf_dtcm\Obj\LinkQueue.o
#        D:\Desktop\6_10_kws\project\iar\program\nor_sdram_zf_dtcm\Obj\log_softmax.o
#        D:\Desktop\6_10_kws\project\iar\program\nor_sdram_zf_dtcm\Obj\logical.o
#        D:\Desktop\6_10_kws\project\iar\program\nor_sdram_zf_dtcm\Obj\logical_common.o
#        D:\Desktop\6_10_kws\project\iar\program\nor_sdram_zf_dtcm\Obj\logistic.o
#        D:\Desktop\6_10_kws\project\iar\program\nor_sdram_zf_dtcm\Obj\logistic_common.o
#        D:\Desktop\6_10_kws\project\iar\program\nor_sdram_zf_dtcm\Obj\main.o
#        D:\Desktop\6_10_kws\project\iar\program\nor_sdram_zf_dtcm\Obj\MatrixFunctions.o
#        D:\Desktop\6_10_kws\project\iar\program\nor_sdram_zf_dtcm\Obj\maximum_minimum.o
#        D:\Desktop\6_10_kws\project\iar\program\nor_sdram_zf_dtcm\Obj\memory_helpers.o
#        D:\Desktop\6_10_kws\project\iar\program\nor_sdram_zf_dtcm\Obj\mfcc.o
#        D:\Desktop\6_10_kws\project\iar\program\nor_sdram_zf_dtcm\Obj\micro_allocator.o
#        D:\Desktop\6_10_kws\project\iar\program\nor_sdram_zf_dtcm\Obj\micro_context.o
#        D:\Desktop\6_10_kws\project\iar\program\nor_sdram_zf_dtcm\Obj\micro_error_reporter.o
#        D:\Desktop\6_10_kws\project\iar\program\nor_sdram_zf_dtcm\Obj\micro_graph.o
#        D:\Desktop\6_10_kws\project\iar\program\nor_sdram_zf_dtcm\Obj\micro_interpreter.o
#        D:\Desktop\6_10_kws\project\iar\program\nor_sdram_zf_dtcm\Obj\micro_profiler.o
#        D:\Desktop\6_10_kws\project\iar\program\nor_sdram_zf_dtcm\Obj\micro_resource_variable.o
#        D:\Desktop\6_10_kws\project\iar\program\nor_sdram_zf_dtcm\Obj\micro_string.o
#        D:\Desktop\6_10_kws\project\iar\program\nor_sdram_zf_dtcm\Obj\micro_time.o
#        D:\Desktop\6_10_kws\project\iar\program\nor_sdram_zf_dtcm\Obj\micro_utils.o
#        D:\Desktop\6_10_kws\project\iar\program\nor_sdram_zf_dtcm\Obj\mirror_pad.o
#        D:\Desktop\6_10_kws\project\iar\program\nor_sdram_zf_dtcm\Obj\model.o
#        D:\Desktop\6_10_kws\project\iar\program\nor_sdram_zf_dtcm\Obj\model_ds_cnn_ops_micro.o
#        D:\Desktop\6_10_kws\project\iar\program\nor_sdram_zf_dtcm\Obj\motor.o
#        D:\Desktop\6_10_kws\project\iar\program\nor_sdram_zf_dtcm\Obj\mul.o
#        D:\Desktop\6_10_kws\project\iar\program\nor_sdram_zf_dtcm\Obj\mul_common.o
#        D:\Desktop\6_10_kws\project\iar\program\nor_sdram_zf_dtcm\Obj\mymooncake.o
#        D:\Desktop\6_10_kws\project\iar\program\nor_sdram_zf_dtcm\Obj\neg.o
#        D:\Desktop\6_10_kws\project\iar\program\nor_sdram_zf_dtcm\Obj\non_persistent_buffer_planner_shim.o
#        D:\Desktop\6_10_kws\project\iar\program\nor_sdram_zf_dtcm\Obj\op_resolver.o
#        D:\Desktop\6_10_kws\project\iar\program\nor_sdram_zf_dtcm\Obj\output_postproc.o
#        D:\Desktop\6_10_kws\project\iar\program\nor_sdram_zf_dtcm\Obj\pack.o
#        D:\Desktop\6_10_kws\project\iar\program\nor_sdram_zf_dtcm\Obj\pad.o
#        D:\Desktop\6_10_kws\project\iar\program\nor_sdram_zf_dtcm\Obj\pid.o
#        D:\Desktop\6_10_kws\project\iar\program\nor_sdram_zf_dtcm\Obj\pooling.o
#        D:\Desktop\6_10_kws\project\iar\program\nor_sdram_zf_dtcm\Obj\pooling_common.o
#        D:\Desktop\6_10_kws\project\iar\program\nor_sdram_zf_dtcm\Obj\prelu.o
#        D:\Desktop\6_10_kws\project\iar\program\nor_sdram_zf_dtcm\Obj\prelu_common.o
#        D:\Desktop\6_10_kws\project\iar\program\nor_sdram_zf_dtcm\Obj\quantization_util.o
#        D:\Desktop\6_10_kws\project\iar\program\nor_sdram_zf_dtcm\Obj\quantize.o
#        D:\Desktop\6_10_kws\project\iar\program\nor_sdram_zf_dtcm\Obj\quantize_common.o
#        D:\Desktop\6_10_kws\project\iar\program\nor_sdram_zf_dtcm\Obj\QuaternionMathFunctions.o
#        D:\Desktop\6_10_kws\project\iar\program\nor_sdram_zf_dtcm\Obj\read_variable.o
#        D:\Desktop\6_10_kws\project\iar\program\nor_sdram_zf_dtcm\Obj\recording_micro_allocator.o
#        D:\Desktop\6_10_kws\project\iar\program\nor_sdram_zf_dtcm\Obj\recording_simple_memory_allocator.o
#        D:\Desktop\6_10_kws\project\iar\program\nor_sdram_zf_dtcm\Obj\reduce.o
#        D:\Desktop\6_10_kws\project\iar\program\nor_sdram_zf_dtcm\Obj\reshape.o
#        D:\Desktop\6_10_kws\project\iar\program\nor_sdram_zf_dtcm\Obj\resize_bilinear.o
#        D:\Desktop\6_10_kws\project\iar\program\nor_sdram_zf_dtcm\Obj\resize_nearest_neighbor.o
#        D:\Desktop\6_10_kws\project\iar\program\nor_sdram_zf_dtcm\Obj\round.o
#        D:\Desktop\6_10_kws\project\iar\program\nor_sdram_zf_dtcm\Obj\run_kws_model_demo.o
#        D:\Desktop\6_10_kws\project\iar\program\nor_sdram_zf_dtcm\Obj\schema_utils.o
#        D:\Desktop\6_10_kws\project\iar\program\nor_sdram_zf_dtcm\Obj\sdmmc_config.o
#        D:\Desktop\6_10_kws\project\iar\program\nor_sdram_zf_dtcm\Obj\SEEKFREE_IIC.o
#        D:\Desktop\6_10_kws\project\iar\program\nor_sdram_zf_dtcm\Obj\shape.o
#        D:\Desktop\6_10_kws\project\iar\program\nor_sdram_zf_dtcm\Obj\simple_memory_allocator.o
#        D:\Desktop\6_10_kws\project\iar\program\nor_sdram_zf_dtcm\Obj\slice.o
#        D:\Desktop\6_10_kws\project\iar\program\nor_sdram_zf_dtcm\Obj\softmax.o
#        D:\Desktop\6_10_kws\project\iar\program\nor_sdram_zf_dtcm\Obj\softmax_common.o
#        D:\Desktop\6_10_kws\project\iar\program\nor_sdram_zf_dtcm\Obj\space_to_batch_nd.o
#        D:\Desktop\6_10_kws\project\iar\program\nor_sdram_zf_dtcm\Obj\space_to_depth.o
#        D:\Desktop\6_10_kws\project\iar\program\nor_sdram_zf_dtcm\Obj\split.o
#        D:\Desktop\6_10_kws\project\iar\program\nor_sdram_zf_dtcm\Obj\split_v.o
#        D:\Desktop\6_10_kws\project\iar\program\nor_sdram_zf_dtcm\Obj\squeeze.o
#        D:\Desktop\6_10_kws\project\iar\program\nor_sdram_zf_dtcm\Obj\startup_MIMXRT1064.o
#        D:\Desktop\6_10_kws\project\iar\program\nor_sdram_zf_dtcm\Obj\StatisticsFunctions.o
#        D:\Desktop\6_10_kws\project\iar\program\nor_sdram_zf_dtcm\Obj\strided_slice.o
#        D:\Desktop\6_10_kws\project\iar\program\nor_sdram_zf_dtcm\Obj\sub.o
#        D:\Desktop\6_10_kws\project\iar\program\nor_sdram_zf_dtcm\Obj\sub_common.o
#        D:\Desktop\6_10_kws\project\iar\program\nor_sdram_zf_dtcm\Obj\SupportFunctions.o
#        D:\Desktop\6_10_kws\project\iar\program\nor_sdram_zf_dtcm\Obj\svdf.o
#        D:\Desktop\6_10_kws\project\iar\program\nor_sdram_zf_dtcm\Obj\svdf_common.o
#        D:\Desktop\6_10_kws\project\iar\program\nor_sdram_zf_dtcm\Obj\SVMFunctions.o
#        D:\Desktop\6_10_kws\project\iar\program\nor_sdram_zf_dtcm\Obj\system_MIMXRT1064.o
#        D:\Desktop\6_10_kws\project\iar\program\nor_sdram_zf_dtcm\Obj\tanh.o
#        D:\Desktop\6_10_kws\project\iar\program\nor_sdram_zf_dtcm\Obj\tensor_utils.o
#        D:\Desktop\6_10_kws\project\iar\program\nor_sdram_zf_dtcm\Obj\timer.o
#        D:\Desktop\6_10_kws\project\iar\program\nor_sdram_zf_dtcm\Obj\TransformFunctions.o
#        D:\Desktop\6_10_kws\project\iar\program\nor_sdram_zf_dtcm\Obj\transpose.o
#        D:\Desktop\6_10_kws\project\iar\program\nor_sdram_zf_dtcm\Obj\transpose_conv.o
#        D:\Desktop\6_10_kws\project\iar\program\nor_sdram_zf_dtcm\Obj\UARTset.o
#        D:\Desktop\6_10_kws\project\iar\program\nor_sdram_zf_dtcm\Obj\unpack.o
#        D:\Desktop\6_10_kws\project\iar\program\nor_sdram_zf_dtcm\Obj\usb_device_cdc_acm.o
#        D:\Desktop\6_10_kws\project\iar\program\nor_sdram_zf_dtcm\Obj\usb_device_ch9.o
#        D:\Desktop\6_10_kws\project\iar\program\nor_sdram_zf_dtcm\Obj\usb_device_class.o
#        D:\Desktop\6_10_kws\project\iar\program\nor_sdram_zf_dtcm\Obj\usb_device_dci.o
#        D:\Desktop\6_10_kws\project\iar\program\nor_sdram_zf_dtcm\Obj\usb_device_descriptor.o
#        D:\Desktop\6_10_kws\project\iar\program\nor_sdram_zf_dtcm\Obj\usb_device_ehci.o
#        D:\Desktop\6_10_kws\project\iar\program\nor_sdram_zf_dtcm\Obj\usb_phy.o
#        D:\Desktop\6_10_kws\project\iar\program\nor_sdram_zf_dtcm\Obj\var_handle.o
#        D:\Desktop\6_10_kws\project\iar\program\nor_sdram_zf_dtcm\Obj\VCAN_VisualScope.o
#        D:\Desktop\6_10_kws\project\iar\program\nor_sdram_zf_dtcm\Obj\zap.o
#        D:\Desktop\6_10_kws\project\iar\program\nor_sdram_zf_dtcm\Obj\zeros_like.o
#        D:\Desktop\6_10_kws\project\iar\program\nor_sdram_zf_dtcm\Obj\zf_common_clock.o
#        D:\Desktop\6_10_kws\project\iar\program\nor_sdram_zf_dtcm\Obj\zf_common_debug.o
#        D:\Desktop\6_10_kws\project\iar\program\nor_sdram_zf_dtcm\Obj\zf_common_fifo.o
#        D:\Desktop\6_10_kws\project\iar\program\nor_sdram_zf_dtcm\Obj\zf_common_font.o
#        D:\Desktop\6_10_kws\project\iar\program\nor_sdram_zf_dtcm\Obj\zf_common_function.o
#        D:\Desktop\6_10_kws\project\iar\program\nor_sdram_zf_dtcm\Obj\zf_common_interrupt.o
#        D:\Desktop\6_10_kws\project\iar\program\nor_sdram_zf_dtcm\Obj\zf_common_vector.o
#        D:\Desktop\6_10_kws\project\iar\program\nor_sdram_zf_dtcm\Obj\zf_device_absolute_encoder.o
#        D:\Desktop\6_10_kws\project\iar\program\nor_sdram_zf_dtcm\Obj\zf_device_bluetooth_ch9141.o
#        D:\Desktop\6_10_kws\project\iar\program\nor_sdram_zf_dtcm\Obj\zf_device_camera.o
#        D:\Desktop\6_10_kws\project\iar\program\nor_sdram_zf_dtcm\Obj\zf_device_dl1a.o
#        D:\Desktop\6_10_kws\project\iar\program\nor_sdram_zf_dtcm\Obj\zf_device_gps_tau1201.o
#        D:\Desktop\6_10_kws\project\iar\program\nor_sdram_zf_dtcm\Obj\zf_device_icm20602.o
#        D:\Desktop\6_10_kws\project\iar\program\nor_sdram_zf_dtcm\Obj\zf_device_imu660ra.o
#        D:\Desktop\6_10_kws\project\iar\program\nor_sdram_zf_dtcm\Obj\zf_device_imu963ra.o
#        D:\Desktop\6_10_kws\project\iar\program\nor_sdram_zf_dtcm\Obj\zf_device_ips114.o
#        D:\Desktop\6_10_kws\project\iar\program\nor_sdram_zf_dtcm\Obj\zf_device_ips200.o
#        D:\Desktop\6_10_kws\project\iar\program\nor_sdram_zf_dtcm\Obj\zf_device_key.o
#        D:\Desktop\6_10_kws\project\iar\program\nor_sdram_zf_dtcm\Obj\zf_device_mpu6050.o
#        D:\Desktop\6_10_kws\project\iar\program\nor_sdram_zf_dtcm\Obj\zf_device_mt9v03x.o
#        D:\Desktop\6_10_kws\project\iar\program\nor_sdram_zf_dtcm\Obj\zf_device_mt9v03x_flexio.o
#        D:\Desktop\6_10_kws\project\iar\program\nor_sdram_zf_dtcm\Obj\zf_device_oled.o
#        D:\Desktop\6_10_kws\project\iar\program\nor_sdram_zf_dtcm\Obj\zf_device_ov7725.o
#        D:\Desktop\6_10_kws\project\iar\program\nor_sdram_zf_dtcm\Obj\zf_device_scc8660.o
#        D:\Desktop\6_10_kws\project\iar\program\nor_sdram_zf_dtcm\Obj\zf_device_scc8660_flexio.o
#        D:\Desktop\6_10_kws\project\iar\program\nor_sdram_zf_dtcm\Obj\zf_device_tft180.o
#        D:\Desktop\6_10_kws\project\iar\program\nor_sdram_zf_dtcm\Obj\zf_device_tsl1401.o
#        D:\Desktop\6_10_kws\project\iar\program\nor_sdram_zf_dtcm\Obj\zf_device_type.o
#        D:\Desktop\6_10_kws\project\iar\program\nor_sdram_zf_dtcm\Obj\zf_device_virtual_oscilloscope.o
#        D:\Desktop\6_10_kws\project\iar\program\nor_sdram_zf_dtcm\Obj\zf_device_wifi_uart.o
#        D:\Desktop\6_10_kws\project\iar\program\nor_sdram_zf_dtcm\Obj\zf_device_wireless_uart.o
#        D:\Desktop\6_10_kws\project\iar\program\nor_sdram_zf_dtcm\Obj\zf_driver_adc.o
#        D:\Desktop\6_10_kws\project\iar\program\nor_sdram_zf_dtcm\Obj\zf_driver_csi.o
#        D:\Desktop\6_10_kws\project\iar\program\nor_sdram_zf_dtcm\Obj\zf_driver_delay.o
#        D:\Desktop\6_10_kws\project\iar\program\nor_sdram_zf_dtcm\Obj\zf_driver_encoder.o
#        D:\Desktop\6_10_kws\project\iar\program\nor_sdram_zf_dtcm\Obj\zf_driver_exti.o
#        D:\Desktop\6_10_kws\project\iar\program\nor_sdram_zf_dtcm\Obj\zf_driver_flash.o
#        D:\Desktop\6_10_kws\project\iar\program\nor_sdram_zf_dtcm\Obj\zf_driver_flexio_csi.o
#        D:\Desktop\6_10_kws\project\iar\program\nor_sdram_zf_dtcm\Obj\zf_driver_gpio.o
#        D:\Desktop\6_10_kws\project\iar\program\nor_sdram_zf_dtcm\Obj\zf_driver_iic.o
#        D:\Desktop\6_10_kws\project\iar\program\nor_sdram_zf_dtcm\Obj\zf_driver_pit.o
#        D:\Desktop\6_10_kws\project\iar\program\nor_sdram_zf_dtcm\Obj\zf_driver_pwm.o
#        D:\Desktop\6_10_kws\project\iar\program\nor_sdram_zf_dtcm\Obj\zf_driver_romapi.o
#        D:\Desktop\6_10_kws\project\iar\program\nor_sdram_zf_dtcm\Obj\zf_driver_sdio.o
#        D:\Desktop\6_10_kws\project\iar\program\nor_sdram_zf_dtcm\Obj\zf_driver_soft_iic.o
#        D:\Desktop\6_10_kws\project\iar\program\nor_sdram_zf_dtcm\Obj\zf_driver_soft_spi.o
#        D:\Desktop\6_10_kws\project\iar\program\nor_sdram_zf_dtcm\Obj\zf_driver_spi.o
#        D:\Desktop\6_10_kws\project\iar\program\nor_sdram_zf_dtcm\Obj\zf_driver_timer.o
#        D:\Desktop\6_10_kws\project\iar\program\nor_sdram_zf_dtcm\Obj\zf_driver_uart.o
#        D:\Desktop\6_10_kws\project\iar\program\nor_sdram_zf_dtcm\Obj\zf_driver_usb_cdc.o
#        --no_out_extension -o
#        D:\Desktop\6_10_kws\project\iar\program\nor_sdram_zf_dtcm\Exe\RT106X.out
#        --keep model_data1
#        --image_input=D:\Desktop\6_10_kws\project\iar\program\..\..\..\libraries\components\eiq\tensorflow-lite\examples\kws\kws_model_195_1.00.tflite,model_data1,.text,32
#        --map
#        D:\Desktop\6_10_kws\project\iar\program\nor_sdram_zf_dtcm\List\RT106X.map
#        --config
#        D:\Desktop\6_10_kws\project\iar\program\..\..\iar\icf\MIMXRT1064xxxxx_flexspi_nor.icf
#        --semihosting
#        D:\Desktop\6_10_kws\project\iar\program\..\..\..\libraries\zf_device\zf_device_config.a
#        --entry __iar_program_start --vfe --text_out locale)
#
###############################################################################

*******************************************************************************
*** RUNTIME MODEL ATTRIBUTES
***

CppFlavor                     = *
__CPP_Exceptions              = Disabled
__CPP_Language                = C++14
__Heap_Handler                = DLMalloc
__SystemLibrary               = DLib
__dlib_dynamic_initialization = normal
__dlib_version                = 6


*******************************************************************************
*** HEAP SELECTION
***

The advanced heap was selected because the application calls memory
allocation functions outside of system library functions, and there
are calls to deallocation functions in the application.


*******************************************************************************
*** PLACEMENT SUMMARY
***

"A0":  place at 0x7000'2000 { ro section .intvec };
"A2":  place at 0x7000'0000 { section .boot_hdr.conf };
"A3":  place at 0x7000'1000 { section .boot_hdr.ivt };
"A4":  place at 0x7000'1020 { ro section .boot_hdr.boot_data };
"A5":  place at 0x7000'1030 { ro section .boot_hdr.dcd_data };
"P1":  place in [from 0x7000'2000 to 0x7000'23ff] |
                [from 0x7000'2400 to 0x703f'ffff] { ro };
define block RW { first rw, section m_usb_dma_init_data };
"P2":  place in [from 0x8000'0000 to 0x8000'03ff] |
                [from 0x8000'0400 to 0x81df'ffff] { block RW };
define block SDRAM_VAR
   with alignment = 8 { section SDRAM_CACHE, section SDRAM_CACHE.init };
"P11": place in [from 0x8000'0000 to 0x8000'03ff] |
                [from 0x8000'0400 to 0x81df'ffff] { block SDRAM_VAR };
define block ZI
   with alignment = 32 { first zi, section m_usb_dma_noninit_data };
"P3":  place in [from 0x2000'0000 to 0x2006'bfff] { block ZI };
"P4":  place in [from 0x2000'0000 to 0x2006'bfff] { section .data };
"P5":  place in [from 0x2000'0000 to 0x2006'bfff] { section .textrw };
define block DTCM_VAR
   with alignment = 8 { section NonCacheable, section NonCacheable.init };
"P9":  place in [from 0x2000'0000 to 0x2006'bfff] { block DTCM_VAR };
define block HEAP with size = 32K, alignment = 8 { };
"P6":  place in [from 0x2000'0000 to 0x2006'bfff] { last block HEAP };
define block CSTACK with size = 16K, alignment = 8 { };
"P7":  place in [from 0x2006'c000 to 0x2006'ffff] { block CSTACK };
initialize by copy { rw, section .textrw };
initialize by copy { ro }
   except {
      ro section .intvec, ro object system_MIMXRT1064.o,
      ro object startup_MIMXRT1064.o, section .boot_hdr.conf,
      section .boot_hdr.ivt, section .boot_hdr.boot_data,
      section .boot_hdr.dcd_data };
keep {
   section .boot_hdr.conf, section .boot_hdr.ivt, section .boot_hdr.boot_data,
   section .boot_hdr.dcd_data };

No sections matched the following patterns:

  section .intvec_RAM              in "A1"
  section .textrw                  in "P3-P5|P9"
  section ITCM_NonCacheable        in block ITCM_VAR
  section ITCM_NonCacheable.init   in block ITCM_VAR
  section NonCacheable             in block DTCM_VAR
  section NonCacheable.init        in block DTCM_VAR
  section OCRAM_CACHE              in block OCRAM_VAR
  section OCRAM_CACHE.init         in block OCRAM_VAR
  section SDRAM_CACHE.init         in block SDRAM_VAR
  section SDRAM_NonCacheable       in block SDRAM_NCACHE_VAR
  section SDRAM_NonCacheable.init  in block SDRAM_NCACHE_VAR
  section m_usb_dma_init_data      in block RW
  section m_usb_dma_noninit_data   in block ZI


  Section                 Kind         Address     Size  Object
  -------                 ----         -------     ----  ------
"P3-P5|P9", part 1 of 2:                          0xcab
  P3-P5|P9 s0                      0x2000'0000    0xcab  <Init block>
    .data                 inited   0x2000'0000    0x3a8  zap.o [2]
    .data                 inited   0x2000'03a8    0x3a8  zap.o [2]
    .data                 inited   0x2000'0750     0xc0  mymooncake.o [2]
    .data                 inited   0x2000'0810     0x60  lcd_menu.o [2]
    .data                 inited   0x2000'0870     0x60  lcd_menu.o [2]
    .data                 inited   0x2000'08d0     0x60  lcd_menu.o [2]
    .data                 inited   0x2000'0930     0x60  lcd_menu.o [2]
    .data                 inited   0x2000'0990     0x60  lcd_menu.o [2]
    .data                 inited   0x2000'09f0     0x48  lcd_menu.o [2]
    .data                 inited   0x2000'0a38     0x3c  lcd_menu.o [2]
    .data                 inited   0x2000'0a74     0x38  xlocale_c.o [3]
    .data                 inited   0x2000'0aac     0x2c  zf_driver_gpio.o [2]
    .data                 inited   0x2000'0ad8     0x24  deal_img.o [2]
    .data                 inited   0x2000'0afc     0x24  motor.o [2]
    .data                 inited   0x2000'0b20     0x24  motor.o [2]
    .data                 inited   0x2000'0b44     0x24  zf_driver_uart.o [2]
    .data                 inited   0x2000'0b68     0x18  deal_img.o [2]
    .data                 inited   0x2000'0b80     0x14  lcd_menu.o [2]
    .data                 inited   0x2000'0b94     0x14  motor.o [2]
    .data                 inited   0x2000'0ba8     0x14  zf_driver_encoder.o [2]
    .data                 inited   0x2000'0bbc     0x14  zf_driver_pwm.o [2]
    .data                 inited   0x2000'0bd0     0x14  zf_driver_spi.o [2]
    .data                 inited   0x2000'0be4     0x10  motor.o [2]
    .data                 inited   0x2000'0bf4      0xc  lcd_menu.o [2]
    .data                 inited   0x2000'0c00      0xc  lcd_menu.o [2]
    .data                 inited   0x2000'0c0c      0xc  lcd_menu.o [2]
    .data                 inited   0x2000'0c18      0xc  lcd_menu.o [2]
    .data                 inited   0x2000'0c24      0xc  lcd_menu.o [2]
    .data                 inited   0x2000'0c30      0xc  lcd_menu.o [2]
    .data                 inited   0x2000'0c3c      0xc  lcd_menu.o [2]
    .data                 inited   0x2000'0c48      0xc  lcd_menu.o [2]
    .data                 inited   0x2000'0c54      0xc  lcd_menu.o [2]
    .data                 inited   0x2000'0c60      0xc  zf_driver_timer.o [2]
    .data                 inited   0x2000'0c6c      0x8  rand.o [3]
    .data                 inited   0x2000'0c74      0x4  deal_img.o [2]
    .data                 inited   0x2000'0c78      0x4  deal_img.o [2]
    .data                 inited   0x2000'0c7c      0x4  deal_img.o [2]
    .data                 inited   0x2000'0c80      0x4  lcd_menu.o [2]
    .data                 inited   0x2000'0c84      0x4  mymooncake.o [2]
    .data                 inited   0x2000'0c88      0x4  pid.o [2]
    .data                 inited   0x2000'0c8c      0x4  system_MIMXRT1064.o [2]
    .data                 inited   0x2000'0c90      0x4  zf_common_clock.o [2]
    .data                 inited   0x2000'0c94      0x4  zf_device_type.o [2]
    .data                 inited   0x2000'0c98      0x4  zf_device_type.o [2]
    .data                 inited   0x2000'0c9c      0x4  zf_driver_flash.o [2]
    .data                 inited   0x2000'0ca0      0x2  SEEKFREE_IIC.o [2]
    .data                 inited   0x2000'0ca2      0x2  zf_device_tft180.o [2]
    .data                 inited   0x2000'0ca4      0x2  zf_device_tft180.o [2]
    .data                 inited   0x2000'0ca6      0x1  bmx055.o [2]
    .data                 inited   0x2000'0ca7      0x1  zf_common_debug.o [2]
    .data                 inited   0x2000'0ca8      0x1  zf_device_tft180.o [2]
    .data                 inited   0x2000'0ca9      0x1  zf_device_tft180.o [2]
    .data                 inited   0x2000'0caa      0x1  zf_device_tft180.o [2]
                                 - 0x2000'0cab    0xcab

"P3-P5|P9", part 2 of 2:                        0x1d138
  ZI                               0x2000'0cc0  0x1d138  <Block>
    .bss                  zero     0x2000'0cc0      0xc  attitude_calculation.o [2]
    .bss                  zero     0x2000'0ccc      0xc  attitude_calculation.o [2]
    .bss                  zero     0x2000'0cd8     0x10  attitude_calculation.o [2]
    .bss                  zero     0x2000'0ce8      0xc  attitude_calculation.o [2]
    .bss                  zero     0x2000'0cf4     0x10  attitude_calculation.o [2]
    .bss                  zero     0x2000'0d04      0xc  attitude_calculation.o [2]
    .bss                  zero     0x2000'0d10     0x10  attitude_calculation.o [2]
    .bss                  zero     0x2000'0d20      0xc  attitude_calculation.o [2]
    .bss                  zero     0x2000'0d2c     0x10  attitude_calculation.o [2]
    .bss                  zero     0x2000'0d3c     0x10  attitude_calculation.o [2]
    .bss                  zero     0x2000'0d4c      0xc  attitude_calculation.o [2]
    .bss                  zero     0x2000'0d58     0x10  attitude_calculation.o [2]
    .bss                  zero     0x2000'0d68      0x4  attitude_calculation.o [2]
    .bss                  zero     0x2000'0d6c      0x4  attitude_calculation.o [2]
    .bss                  zero     0x2000'0d70      0x4  attitude_calculation.o [2]
    .bss                  zero     0x2000'0d74      0x4  attitude_calculation.o [2]
    .bss                  zero     0x2000'0d78      0x4  attitude_calculation.o [2]
    .bss                  zero     0x2000'0d7c      0x4  attitude_calculation.o [2]
    .bss                  zero     0x2000'0d80      0x4  attitude_calculation.o [2]
    .bss                  zero     0x2000'0d84      0x4  attitude_calculation.o [2]
    .bss                  zero     0x2000'0d88      0x4  attitude_calculation.o [2]
    .bss                  zero     0x2000'0d8c     0x30  audio_capture.o [2]
    .bss                  zero     0x2000'0dbc      0x4  beep.o [2]
    .bss                  zero     0x2000'0dc0     0x24  bmx055.o [2]
    .bss                  zero     0x2000'0de4      0xc  bmx055.o [2]
    .bss                  zero     0x2000'0df0      0xc  bmx055.o [2]
    .bss                  zero     0x2000'0dfc      0xc  bmx055.o [2]
    .bss                  zero     0x2000'0e08      0xc  bmx055.o [2]
    .bss                  zero     0x2000'0e14      0xc  bmx055.o [2]
    .bss                  zero     0x2000'0e20      0x4  bmx055.o [2]
    .bss                  zero     0x2000'0e24      0xc  bmx055.o [2]
    .bss                  zero     0x2000'0e30      0x4  bmx055.o [2]
    .bss                  zero     0x2000'0e34      0x4  bmx055.o [2]
    .bss                  zero     0x2000'0e38      0x1  bmx055.o [2]
    .bss                  zero     0x2000'0e39      0x1  bmx055.o [2]
    .bss                  zero     0x2000'0e3a      0x1  bmx055.o [2]
    .bss                  zero     0x2000'0e3c   0x4b00  deal_img.o [2]
    .bss                  zero     0x2000'593c   0x4b00  deal_img.o [2]
    .bss                  zero     0x2000'a43c   0x4b00  deal_img.o [2]
    .bss                  zero     0x2000'ef3c   0x4b00  deal_img.o [2]
    .bss                  zero     0x2001'3a3c   0x4b00  deal_img.o [2]
    .bss                  zero     0x2001'853c   0x2058  deal_img.o [2]
    .bss                  zero     0x2001'a594   0x1000  deal_img.o [2]
    .bss                  zero     0x2001'b594     0x80  deal_img.o [2]
    .bss                  zero     0x2001'b614    0x100  deal_img.o [2]
    .bss                  zero     0x2001'b714     0x20  deal_img.o [2]
    .bss                  zero     0x2001'b734    0x578  deal_img.o [2]
    .bss                  zero     0x2001'bcac     0x40  deal_img.o [2]
    .bss                  zero     0x2001'bcec      0x1  deal_img.o [2]
    .bss                  zero     0x2001'bced      0x1  deal_img.o [2]
    .bss                  zero     0x2001'bcee      0x1  deal_img.o [2]
    .bss                  zero     0x2001'bcf0      0xc  deal_img.o [2]
    .bss                  zero     0x2001'bcfc      0x4  deal_img.o [2]
    .bss                  zero     0x2001'bd00      0x4  deal_img.o [2]
    .bss                  zero     0x2001'bd04      0x4  deal_img.o [2]
    .bss                  zero     0x2001'bd08      0x4  deal_img.o [2]
    .bss                  zero     0x2001'bd0c      0x4  deal_img.o [2]
    .bss                  zero     0x2001'bd10      0x4  deal_img.o [2]
    .bss                  zero     0x2001'bd14      0x4  fsl_clock.o [2]
    .bss                  zero     0x2001'bd18      0x4  fsl_clock.o [2]
    .bss                  zero     0x2001'bd1c      0x4  fsl_csi.o [2]
    .bss                  zero     0x2001'bd20      0x4  fsl_csi.o [2]
    .bss                  zero     0x2001'bd24     0x14  fsl_debug_console.o [2]
    .bss                  zero     0x2001'bd38     0x80  fsl_edma.o [2]
    .bss                  zero     0x2001'bdb8      0x8  fsl_enet.o [2]
    .bss                  zero     0x2001'bdc0      0x8  fsl_enet.o [2]
    .bss                  zero     0x2001'bdc8      0x8  fsl_enet.o [2]
    .bss                  zero     0x2001'bdd0      0x8  fsl_enet.o [2]
    .bss                  zero     0x2001'bdd8      0x8  fsl_enet.o [2]
    .bss                  zero     0x2001'bde0      0x8  fsl_enet.o [2]
    .bss                  zero     0x2001'bde8     0x10  fsl_flexcan.o [2]
    .bss                  zero     0x2001'bdf8      0x4  fsl_flexcan.o [2]
    .bss                  zero     0x2001'bdfc      0x8  fsl_flexio.o [2]
    .bss                  zero     0x2001'be04      0x8  fsl_flexio.o [2]
    .bss                  zero     0x2001'be0c      0x8  fsl_flexio.o [2]
    .bss                  zero     0x2001'be14      0x4  fsl_lpi2c.o [2]
    .bss                  zero     0x2001'be18     0x14  fsl_lpi2c.o [2]
    .bss                  zero     0x2001'be2c      0x4  fsl_lpi2c.o [2]
    .bss                  zero     0x2001'be30     0x14  fsl_lpi2c.o [2]
    .bss                  zero     0x2001'be44     0x14  fsl_lpspi.o [2]
    .bss                  zero     0x2001'be58      0x4  fsl_lpspi.o [2]
    .bss                  zero     0x2001'be5c      0x4  fsl_lpspi.o [2]
    .bss                  zero     0x2001'be60      0x8  fsl_lpspi.o [2]
    .bss                  zero     0x2001'be68     0x24  fsl_lpuart.o [2]
    .bss                  zero     0x2001'be8c      0x4  fsl_lpuart.o [2]
    .bss                  zero     0x2001'be90     0x20  fsl_sai.o [2]
    .bss                  zero     0x2001'beb0      0x4  fsl_sai.o [2]
    .bss                  zero     0x2001'beb4      0x4  fsl_sai.o [2]
    .bss                  zero     0x2001'beb8      0x8  fsl_spdif.o [2]
    .bss                  zero     0x2001'bec0      0x4  fsl_spdif.o [2]
    .bss                  zero     0x2001'bec4      0x4  fsl_spdif.o [2]
    .bss                  zero     0x2001'bec8      0xc  fsl_usdhc.o [2]
    .bss                  zero     0x2001'bed4      0x4  fsl_usdhc.o [2]
    .bss                  zero     0x2001'bed8      0x4  isr.o [2]
    .bss                  zero     0x2001'bedc      0x4  isr.o [2]
    .bss                  zero     0x2001'bee0      0xc  key.o [2]
    .bss                  zero     0x2001'beec      0x8  key.o [2]
    .bss                  zero     0x2001'bef4      0x1  lcd_menu.o [2]
    .bss                  zero     0x2001'bef8      0x4  lcd_menu.o [2]
    .bss                  zero     0x2001'befc      0x4  lcd_menu.o [2]
    .bss                  zero     0x2001'bf00      0x1  lcd_menu.o [2]
    .bss                  zero     0x2001'bf04     0x60  motor.o [2]
    .bss                  zero     0x2001'bf64      0x4  motor.o [2]
    .bss                  zero     0x2001'bf68      0x4  motor.o [2]
    .bss                  zero     0x2001'bf6c      0x4  motor.o [2]
    .bss                  zero     0x2001'bf70      0x4  motor.o [2]
    .bss                  zero     0x2001'bf74      0x4  motor.o [2]
    .bss                  zero     0x2001'bf78      0x4  motor.o [2]
    .bss                  zero     0x2001'bf7c      0x4  motor.o [2]
    .bss                  zero     0x2001'bf80      0x4  motor.o [2]
    .bss                  zero     0x2001'bf84      0x4  motor.o [2]
    .bss                  zero     0x2001'bf88      0x4  motor.o [2]
    .bss                  zero     0x2001'bf8c      0x4  motor.o [2]
    .bss                  zero     0x2001'bf90      0x4  motor.o [2]
    .bss                  zero     0x2001'bf94    0x4d0  mymooncake.o [2]
    .bss                  zero     0x2001'c464      0x4  mymooncake.o [2]
    .bss                  zero     0x2001'c468      0x4  mymooncake.o [2]
    .bss                  zero     0x2001'c46c      0x4  mymooncake.o [2]
    .bss                  zero     0x2001'c470      0x4  mymooncake.o [2]
    .bss                  zero     0x2001'c474      0x4  mymooncake.o [2]
    .bss                  zero     0x2001'c478      0x4  mymooncake.o [2]
    .bss                  zero     0x2001'c47c      0x4  mymooncake.o [2]
    .bss                  zero     0x2001'c480      0x4  mymooncake.o [2]
    .bss                  zero     0x2001'c484     0x1c  mymooncake.o [2]
    .bss                  zero     0x2001'c4a0      0x1  mymooncake.o [2]
    .bss                  zero     0x2001'c4a1      0x1  mymooncake.o [2]
    .bss                  zero     0x2001'c4a4      0x4  mymooncake.o [2]
    .bss                  zero     0x2001'c4a8      0x4  mymooncake.o [2]
    .bss                  zero     0x2001'c4ac      0x4  mymooncake.o [2]
    .bss                  zero     0x2001'c4b0      0x4  mymooncake.o [2]
    .bss                  zero     0x2001'c4b4      0x4  mymooncake.o [2]
    .bss                  zero     0x2001'c4b8      0x4  mymooncake.o [2]
    .bss                  zero     0x2001'c4bc      0x4  mymooncake.o [2]
    .bss                  zero     0x2001'c4c0      0x8  mymooncake.o [2]
    .bss                  zero     0x2001'c4c8      0x8  mymooncake.o [2]
    .bss                  zero     0x2001'c4d0      0x8  mymooncake.o [2]
    .bss                  zero     0x2001'c4d8      0x4  mymooncake.o [2]
    .bss                  zero     0x2001'c4dc      0xc  mymooncake.o [2]
    .bss                  zero     0x2001'c4e8     0x34  pid.o [2]
    .bss                  zero     0x2001'c51c     0x34  pid.o [2]
    .bss                  zero     0x2001'c550     0x34  pid.o [2]
    .bss                  zero     0x2001'c584     0xd0  pid.o [2]
    .bss                  zero     0x2001'c654     0x34  pid.o [2]
    .bss                  zero     0x2001'c688     0x34  pid.o [2]
    .bss                  zero     0x2001'c6bc      0x4  pid.o [2]
    .bss                  zero     0x2001'c6c0      0x4  pid.o [2]
    .bss                  zero     0x2001'c6c4      0x4  pid.o [2]
    .bss                  zero     0x2001'c6c8      0x4  pid.o [2]
    .bss                  zero     0x2001'c6cc     0x10  pid.o [2]
    .bss                  zero     0x2001'c6dc     0x10  pid.o [2]
    .bss                  zero     0x2001'c6ec      0x4  pid.o [2]
    .bss                  zero     0x2001'c6f0      0x4  pid.o [2]
    .bss                  zero     0x2001'c6f4      0x4  pid.o [2]
    .bss                  zero     0x2001'c6f8      0x4  pid.o [2]
    .bss                  zero     0x2001'c6fc      0x4  pid.o [2]
    .bss                  zero     0x2001'c700      0x4  pid.o [2]
    .bss                  zero     0x2001'c704     0x1c  run_kws_model_demo.o [2]
    .bss                  zero     0x2001'c720      0x8  run_kws_model_demo.o [2]
    .bss                  zero     0x2001'c728      0x4  run_kws_model_demo.o [2]
    .bss                  zero     0x2001'c72c      0x4  run_kws_model_demo.o [2]
    .bss                  zero     0x2001'c730      0x1  run_kws_model_demo.o [2]
    .bss                  zero     0x2001'c734      0x4  timer.o [2]
    .bss                  zero     0x2001'c738      0x8  UARTset.o [2]
    .bss                  zero     0x2001'c740     0x30  UARTset.o [2]
    .bss                  zero     0x2001'c770      0x1  UARTset.o [2]
    .bss                  zero     0x2001'c774     0x44  UARTset.o [2]
    .bss                  zero     0x2001'c7b8      0x1  UARTset.o [2]
    .bss                  zero     0x2001'c7b9      0x1  UARTset.o [2]
    .bss                  zero     0x2001'c7bc      0x8  UARTset.o [2]
    .bss                  zero     0x2001'c7c4     0x30  UARTset.o [2]
    .bss                  zero     0x2001'c7f4      0x1  UARTset.o [2]
    .bss                  zero     0x2001'c7f8     0x1c  UARTset.o [2]
    .bss                  zero     0x2001'c814      0x1  UARTset.o [2]
    .bss                  zero     0x2001'c815      0x1  UARTset.o [2]
    .bss                  zero     0x2001'c818      0x8  UARTset.o [2]
    .bss                  zero     0x2001'c820     0x30  UARTset.o [2]
    .bss                  zero     0x2001'c850      0x1  UARTset.o [2]
    .bss                  zero     0x2001'c854     0x18  UARTset.o [2]
    .bss                  zero     0x2001'c86c      0x1  UARTset.o [2]
    .bss                  zero     0x2001'c86d      0x1  UARTset.o [2]
    .bss                  zero     0x2001'c870      0x8  UARTset.o [2]
    .bss                  zero     0x2001'c878     0x30  UARTset.o [2]
    .bss                  zero     0x2001'c8a8      0x1  UARTset.o [2]
    .bss                  zero     0x2001'c8ac     0x18  UARTset.o [2]
    .bss                  zero     0x2001'c8c4      0x1  UARTset.o [2]
    .bss                  zero     0x2001'c8c5      0x1  UARTset.o [2]
    .bss                  zero     0x2001'c8c8      0x8  UARTset.o [2]
    .bss                  zero     0x2001'c8d0     0x30  UARTset.o [2]
    .bss                  zero     0x2001'c900      0x1  UARTset.o [2]
    .bss                  zero     0x2001'c904     0x18  UARTset.o [2]
    .bss                  zero     0x2001'c91c      0x1  UARTset.o [2]
    .bss                  zero     0x2001'c91d      0x1  UARTset.o [2]
    .bss                  zero     0x2001'c920      0x4  zap.o [2]
    .bss                  zero     0x2001'c924      0x4  zap.o [2]
    .bss                  zero     0x2001'c928     0x14  zf_common_debug.o [2]
    .bss                  zero     0x2001'c93c      0x1  zf_common_debug.o [2]
    .bss                  zero     0x2001'c93d      0x1  zf_common_debug.o [2]
    .bss                  zero     0x2001'c940      0x4  zf_common_interrupt.o [2]
    .bss                  zero     0x2001'c944      0x1  zf_device_scc8660.o [2]
    .bss                  zero     0x2001'c948      0x4  zf_device_scc8660.o [2]
    .bss                  zero     0x2001'c94c      0x1  zf_device_tft180.o [2]
    .bss                  zero     0x2001'c94d      0x1  zf_driver_delay.o [2]
    .bss                  zero     0x2001'c950    0x200  zf_driver_flash.o [2]
    .bss                  zero     0x2001'cb50   0x1000  zf_driver_flash.o [2]
    .bss                  zero     0x2001'db50      0x1  zf_driver_pit.o [2]
    .bss                  zero     0x2001'db54      0x4  zf_driver_romapi.o [2]
    .bss                  zero     0x2001'db58      0xc  zf_driver_spi.o [2]
    .bss                  zero     0x2001'db64     0x10  zf_driver_usb_cdc.o [2]
    .bss                  zero     0x2001'db74     0x84  rand.o [3]
    .bss                  zero     0x2001'dbf8      0x4  new.o [4]
    .bss                  zero     0x2001'dbfc     0x18  dlmalloc.o [3]
    .bss                  zero     0x2001'dc14    0x1d8  dlmalloc.o [3]
    .bss                  zero     0x2001'ddec      0x4  xgetmemchunk.o [3]
    .bss                  zero     0x2001'ddf0      0x4  xfail_s.o [3]
    .tbss                 zero     0x2001'ddf4      0x4  errno.o [3]
                                 - 0x2001'ddf8  0x1d138

"P6":                                            0x8000
  HEAP                             0x2001'ddf8   0x8000  <Block>
    HEAP                  uninit   0x2001'ddf8   0x8000  <Block tail>
                                 - 0x2002'5df8   0x8000

"P7":                                            0x4000
  CSTACK                           0x2006'c000   0x4000  <Block>
    CSTACK                uninit   0x2006'c000   0x4000  <Block tail>
                                 - 0x2007'0000   0x4000

"A2":                                             0x200
  .boot_hdr.conf          const    0x7000'0000    0x200  evkmimxrt1064_flexspi_nor_config.o [2]
                                 - 0x7000'0200    0x200

"A3":                                              0x20
  .boot_hdr.ivt           const    0x7000'1000     0x20  fsl_flexspi_nor_boot.o [2]
                                 - 0x7000'1020     0x20

"A4":                                              0x10
  .boot_hdr.boot_data     const    0x7000'1020     0x10  fsl_flexspi_nor_boot.o [2]
                                 - 0x7000'1030     0x10

"A5":                                             0x410
  .boot_hdr.dcd_data      const    0x7000'1030    0x410  evkmimxrt1064_sdram_ini_dcd.o [2]
                                 - 0x7000'1440    0x410

"A0":                                             0x440
  .intvec                 const    0x7000'2000    0x400  zf_common_vector.o [2]
  .intvec                 ro code  0x7000'2400     0x40  vector_table_M.o [6]
                                 - 0x7000'2440    0x440

"P1":                                           0x37efb
  .text                   ro code  0x7000'2440    0x1f6  lz77_init.o [6]
  .text                   ro code  0x7000'2636      0x6  abort.o [3]
  .text                   ro code  0x7000'263c     0x14  exit.o [7]
  .text                   ro code  0x7000'2650    0x126  system_MIMXRT1064.o [2]
  .text                   ro code  0x7000'2776     0x3a  zero_init3.o [6]
  .text                   ro code  0x7000'27b0     0x6c  startup_MIMXRT1064.o [2]
  .text                   ro code  0x7000'281c     0x28  data_init.o [6]
  .text                   ro code  0x7000'2844     0x22  fpinit_M.o [5]
  .iar.init_table         const    0x7000'2868     0x70  - Linker created -
  Veneer                  ro code  0x7000'28d8      0x8  - Linker created -
  Veneer                  ro code  0x7000'28e0      0x8  - Linker created -
  .text                   ro code  0x7000'28e8     0x1e  cmain.o [6]
  .text                   ro code  0x7000'2906      0x4  low_level_init.o [3]
  .text                   ro code  0x7000'290a      0xc  cstartup_M.o [6]
  .rodata                 const    0x7000'2916      0x0  zero_init3.o [6]
  .rodata                 const    0x7000'2916      0x0  lz77_init.o [6]
  Initializer bytes       const    0x7000'2916  0x376b2  <for RW-1>
  Initializer bytes       const    0x7003'9fc8      0x6  <for SHT$$INIT_ARRAY-1>
  Initializer bytes       const    0x7003'9fce    0x36d  <for P3-P5|P9 s0>
                                 - 0x7003'a33b  0x37efb

"P2|P11", part 1 of 2:                          0x5013c
  RW                               0x8000'0400  0x5013c  <Block>
    RW-1                           0x8000'0400  0x50137  <Init block>
      .text               inited   0x8000'0400  0x14bcc  kws_model_195_1.00.tflite [1]
      .rodata             inited   0x8001'4fd0    0x420  pow64.o [5]
      .rodata             inited   0x8001'53f0     0xb0  log.o [5]
      .rodata             inited   0x8001'54a0     0xa8  xexp.o [5]
      .text               inited   0x8001'5548     0x60  atan.o [5]
      .text               inited   0x8001'55a8    0x118  xatan.o [5]
      .rodata             inited   0x8001'56c0     0x18  clock_config.o [2]
      .rodata             inited   0x8001'56d8     0x38  clock_config.o [2]
      .rodata             inited   0x8001'5710     0x10  clock_config.o [2]
      .rodata             inited   0x8001'5720      0x8  clock_config.o [2]
      .rodata             inited   0x8001'5728     0x80  CommonTables.o [2]
      .rodata             inited   0x8001'57a8    0x100  CommonTables.o [2]
      .rodata             inited   0x8001'58a8    0x200  CommonTables.o [2]
      .rodata             inited   0x8001'5aa8    0x400  CommonTables.o [2]
      .rodata             inited   0x8001'5ea8    0x800  CommonTables.o [2]
      .rodata             inited   0x8001'66a8   0x1000  CommonTables.o [2]
      .rodata             inited   0x8001'76a8   0x2000  CommonTables.o [2]
      .rodata             inited   0x8001'96a8   0x4000  CommonTables.o [2]
      .rodata             inited   0x8001'd6a8   0x8000  CommonTables.o [2]
      .rodata             inited   0x8002'56a8     0x28  CommonTables.o [2]
      .rodata             inited   0x8002'56d0     0x60  CommonTables.o [2]
      .rodata             inited   0x8002'5730     0x70  CommonTables.o [2]
      .rodata             inited   0x8002'57a0    0x1a0  CommonTables.o [2]
      .rodata             inited   0x8002'5940    0x370  CommonTables.o [2]
      .rodata             inited   0x8002'5cb0    0x380  CommonTables.o [2]
      .rodata             inited   0x8002'6030    0xe10  CommonTables.o [2]
      .rodata             inited   0x8002'6e40   0x1dc0  CommonTables.o [2]
      .rodata             inited   0x8002'8c00   0x1f80  CommonTables.o [2]
      .rodata             inited   0x8002'ab80     0x80  CommonTables.o [2]
      .rodata             inited   0x8002'ac00    0x100  CommonTables.o [2]
      .rodata             inited   0x8002'ad00    0x200  CommonTables.o [2]
      .rodata             inited   0x8002'af00    0x400  CommonTables.o [2]
      .rodata             inited   0x8002'b300    0x800  CommonTables.o [2]
      .rodata             inited   0x8002'bb00   0x1000  CommonTables.o [2]
      .rodata             inited   0x8002'cb00   0x2000  CommonTables.o [2]
      .rodata             inited   0x8002'eb00   0x4000  CommonTables.o [2]
      .rodata             inited   0x8003'2b00     0x10  CommonTables.o [2]
      .rodata             inited   0x8003'2b10     0x10  CommonTables.o [2]
      .rodata             inited   0x8003'2b20     0x10  CommonTables.o [2]
      .rodata             inited   0x8003'2b30     0x10  CommonTables.o [2]
      .rodata             inited   0x8003'2b40     0x10  CommonTables.o [2]
      .rodata             inited   0x8003'2b50     0x10  CommonTables.o [2]
      .rodata             inited   0x8003'2b60     0x10  CommonTables.o [2]
      .rodata             inited   0x8003'2b70     0x10  CommonTables.o [2]
      .rodata             inited   0x8003'2b80     0x10  CommonTables.o [2]
      .rodata             inited   0x8003'2b90      0x8  deal_img.o [2]
      .rodata             inited   0x8003'2b98     0x2c  fsl_assert.o [2]
      .rodata             inited   0x8003'2bc4     0x10  fsl_clock.o [2]
      .rodata             inited   0x8003'2bd4     0x38  fsl_clock.o [2]
      .rodata             inited   0x8003'2c0c     0x10  fsl_clock.o [2]
      .rodata             inited   0x8003'2c1c     0x34  fsl_edma.o [2]
      .rodata             inited   0x8003'2c50     0x1c  fsl_edma.o [2]
      .rodata             inited   0x8003'2c6c      0xc  fsl_edma.o [2]
      .rodata             inited   0x8003'2c78     0x20  fsl_edma.o [2]
      .rodata             inited   0x8003'2c98      0xc  fsl_edma.o [2]
      .rodata             inited   0x8003'2ca4     0x24  fsl_edma.o [2]
      .rodata             inited   0x8003'2cc8     0x48  fsl_edma.o [2]
      .rodata             inited   0x8003'2d10     0x48  fsl_edma.o [2]
      .rodata             inited   0x8003'2d58      0xc  fsl_edma.o [2]
      .rodata             inited   0x8003'2d64     0x10  fsl_edma.o [2]
      .rodata             inited   0x8003'2d74     0x10  fsl_edma.o [2]
      .rodata             inited   0x8003'2d84     0x50  fsl_edma.o [2]
      .rodata             inited   0x8003'2dd4     0x54  fsl_edma.o [2]
      .rodata             inited   0x8003'2e28     0x2c  fsl_edma.o [2]
      .rodata             inited   0x8003'2e54     0x34  fsl_edma.o [2]
      .rodata             inited   0x8003'2e88     0x38  fsl_edma.o [2]
      .rodata             inited   0x8003'2ec0     0x3c  fsl_enet.o [2]
      .rodata             inited   0x8003'2efc     0x34  fsl_enet.o [2]
      .rodata             inited   0x8003'2f30      0x8  fsl_enet.o [2]
      .rodata             inited   0x8003'2f38     0x38  fsl_flexcan.o [2]
      .rodata             inited   0x8003'2f70     0x18  fsl_flexcan.o [2]
      .rodata             inited   0x8003'2f88     0x18  fsl_flexcan.o [2]
      .rodata             inited   0x8003'2fa0     0x18  fsl_flexcan.o [2]
      .rodata             inited   0x8003'2fb8     0x10  fsl_gpio.o [2]
      .rodata             inited   0x8003'2fc8     0x38  fsl_gpio.o [2]
      .rodata             inited   0x8003'3000     0x3c  fsl_gpio.o [2]
      .rodata             inited   0x8003'303c     0x34  fsl_gpio.o [2]
      .rodata             inited   0x8003'3070      0xc  fsl_gpio.o [2]
      .rodata             inited   0x8003'307c     0x2c  fsl_gpio.o [2]
      .rodata             inited   0x8003'30a8      0xc  fsl_gpio.o [2]
      .rodata             inited   0x8003'30b4     0x10  fsl_gpt.o [2]
      .rodata             inited   0x8003'30c4     0x38  fsl_gpt.o [2]
      .rodata             inited   0x8003'30fc     0x1c  fsl_gpt.o [2]
      .rodata             inited   0x8003'3118     0x34  fsl_gpt.o [2]
      .rodata             inited   0x8003'314c     0x3c  fsl_gpt.o [2]
      .rodata             inited   0x8003'3188     0x34  fsl_gpt.o [2]
      .rodata             inited   0x8003'31bc     0x10  fsl_gpt.o [2]
      .rodata             inited   0x8003'31cc      0xc  fsl_gpt.o [2]
      .rodata             inited   0x8003'31d8      0xc  fsl_gpt.o [2]
      .rodata             inited   0x8003'31e4      0x8  fsl_gpt.o [2]
      .rodata             inited   0x8003'31ec     0x10  fsl_lpspi.o [2]
      .rodata             inited   0x8003'31fc     0x38  fsl_lpspi.o [2]
      .rodata             inited   0x8003'3234     0x40  fsl_lpspi.o [2]
      .rodata             inited   0x8003'3274     0x38  fsl_lpspi.o [2]
      .rodata             inited   0x8003'32ac     0x14  fsl_lpspi.o [2]
      .rodata             inited   0x8003'32c0     0x18  fsl_lpspi.o [2]
      .rodata             inited   0x8003'32d8     0x10  fsl_lpspi.o [2]
      .rodata             inited   0x8003'32e8      0xc  fsl_lpspi.o [2]
      .rodata             inited   0x8003'32f4      0xc  fsl_lpspi.o [2]
      .rodata             inited   0x8003'3300     0x18  fsl_lpspi.o [2]
      .rodata             inited   0x8003'3318     0x18  fsl_lpspi.o [2]
      .rodata             inited   0x8003'3330     0x18  fsl_lpspi.o [2]
      .rodata             inited   0x8003'3348     0x18  fsl_lpspi.o [2]
      .rodata             inited   0x8003'3360      0x8  fsl_lpspi.o [2]
      .rodata             inited   0x8003'3368     0x14  fsl_lpspi.o [2]
      .rodata             inited   0x8003'337c      0xc  fsl_lpspi.o [2]
      .rodata             inited   0x8003'3388     0x10  fsl_lpuart.o [2]
      .rodata             inited   0x8003'3398     0x38  fsl_lpuart.o [2]
      .rodata             inited   0x8003'33d0     0x40  fsl_lpuart.o [2]
      .rodata             inited   0x8003'3410     0x38  fsl_lpuart.o [2]
      .rodata             inited   0x8003'3448      0xc  fsl_lpuart.o [2]
      .rodata             inited   0x8003'3454      0xc  fsl_lpuart.o [2]
      .rodata             inited   0x8003'3460      0xc  fsl_lpuart.o [2]
      .rodata             inited   0x8003'346c     0x1c  fsl_lpuart.o [2]
      .rodata             inited   0x8003'3488     0x28  fsl_lpuart.o [2]
      .rodata             inited   0x8003'34b0     0x28  fsl_lpuart.o [2]
      .rodata             inited   0x8003'34d8     0x10  fsl_lpuart.o [2]
      .rodata             inited   0x8003'34e8     0x24  fsl_lpuart.o [2]
      .rodata             inited   0x8003'350c     0x14  fsl_lpuart.o [2]
      .rodata             inited   0x8003'3520     0x14  fsl_lpuart.o [2]
      .rodata             inited   0x8003'3534     0x3c  fsl_lpuart_edma.o [2]
      .rodata             inited   0x8003'3570      0xc  fsl_lpuart_edma.o [2]
      .rodata             inited   0x8003'357c      0xc  fsl_lpuart_edma.o [2]
      .rodata             inited   0x8003'3588     0x10  fsl_lpuart_edma.o [2]
      .rodata             inited   0x8003'3598     0x18  fsl_lpuart_edma.o [2]
      .rodata             inited   0x8003'35b0     0x1c  fsl_lpuart_edma.o [2]
      .rodata             inited   0x8003'35cc      0xc  fsl_lpuart_edma.o [2]
      .rodata             inited   0x8003'35d8     0x10  fsl_pit.o [2]
      .rodata             inited   0x8003'35e8     0x38  fsl_pit.o [2]
      .rodata             inited   0x8003'3620     0x3c  fsl_pit.o [2]
      .rodata             inited   0x8003'365c     0x34  fsl_pit.o [2]
      .rodata             inited   0x8003'3690      0xc  fsl_pit.o [2]
      .rodata             inited   0x8003'369c      0x4  fsl_pit.o [2]
      .rodata             inited   0x8003'36a0     0x10  fsl_pwm.o [2]
      .rodata             inited   0x8003'36b0     0x38  fsl_pwm.o [2]
      .rodata             inited   0x8003'36e8     0x3c  fsl_pwm.o [2]
      .rodata             inited   0x8003'3724     0x34  fsl_pwm.o [2]
      .rodata             inited   0x8003'3758      0x8  fsl_pwm.o [2]
      .rodata             inited   0x8003'3760      0xc  fsl_pwm.o [2]
      .rodata             inited   0x8003'376c      0xc  fsl_pwm.o [2]
      .rodata             inited   0x8003'3778      0xc  fsl_pwm.o [2]
      .rodata             inited   0x8003'3784      0xc  fsl_pwm.o [2]
      .rodata             inited   0x8003'3790     0x1c  fsl_pwm.o [2]
      .rodata             inited   0x8003'37ac     0x14  fsl_pwm.o [2]
      .rodata             inited   0x8003'37c0     0x28  fsl_pwm.o [2]
      .rodata             inited   0x8003'37e8     0x10  fsl_qtmr.o [2]
      .rodata             inited   0x8003'37f8     0x38  fsl_qtmr.o [2]
      .rodata             inited   0x8003'3830     0x3c  fsl_qtmr.o [2]
      .rodata             inited   0x8003'386c     0x34  fsl_qtmr.o [2]
      .rodata             inited   0x8003'38a0      0xc  fsl_qtmr.o [2]
      .rodata             inited   0x8003'38ac     0x14  fsl_qtmr.o [2]
      .rodata             inited   0x8003'38c0      0xc  fsl_qtmr.o [2]
      .rodata             inited   0x8003'38cc     0x34  fsl_sai.o [2]
      .rodata             inited   0x8003'3900     0x18  fsl_sai.o [2]
      .rodata             inited   0x8003'3918     0x18  fsl_sai.o [2]
      .rodata             inited   0x8003'3930      0xc  fsl_usdhc.o [2]
      .rodata             inited   0x8003'393c      0xc  lcd_menu.o [2]
      .rodata             inited   0x8003'3948      0xc  lcd_menu.o [2]
      .rodata             inited   0x8003'3954      0xc  lcd_menu.o [2]
      .rodata             inited   0x8003'3960     0x10  lcd_menu.o [2]
      .rodata             inited   0x8003'3970      0xc  lcd_menu.o [2]
      .rodata             inited   0x8003'397c      0xc  lcd_menu.o [2]
      .rodata             inited   0x8003'3988     0x10  lcd_menu.o [2]
      .rodata             inited   0x8003'3998      0xc  lcd_menu.o [2]
      .rodata             inited   0x8003'39a4      0xc  lcd_menu.o [2]
      .rodata             inited   0x8003'39b0     0x10  lcd_menu.o [2]
      .rodata             inited   0x8003'39c0      0xc  lcd_menu.o [2]
      .rodata             inited   0x8003'39cc      0xc  lcd_menu.o [2]
      .rodata             inited   0x8003'39d8     0x10  lcd_menu.o [2]
      .rodata             inited   0x8003'39e8      0xc  lcd_menu.o [2]
      .rodata             inited   0x8003'39f4     0x10  lcd_menu.o [2]
      .rodata             inited   0x8003'3a04      0xc  lcd_menu.o [2]
      .rodata             inited   0x8003'3a10      0xc  lcd_menu.o [2]
      .rodata             inited   0x8003'3a1c     0x10  lcd_menu.o [2]
      .rodata             inited   0x8003'3a2c     0x10  lcd_menu.o [2]
      .rodata             inited   0x8003'3a3c     0x10  lcd_menu.o [2]
      .rodata             inited   0x8003'3a4c     0x14  lcd_menu.o [2]
      .rodata             inited   0x8003'3a60      0x8  lcd_menu.o [2]
      .rodata             inited   0x8003'3a68      0x8  lcd_menu.o [2]
      .rodata             inited   0x8003'3a70      0x8  lcd_menu.o [2]
      .rodata             inited   0x8003'3a78      0x8  lcd_menu.o [2]
      .rodata             inited   0x8003'3a80      0x8  lcd_menu.o [2]
      .rodata             inited   0x8003'3a88      0xc  lcd_menu.o [2]
      .rodata             inited   0x8003'3a94      0xc  lcd_menu.o [2]
      .rodata             inited   0x8003'3aa0      0xc  lcd_menu.o [2]
      .rodata             inited   0x8003'3aac      0xc  lcd_menu.o [2]
      .rodata             inited   0x8003'3ab8      0xc  lcd_menu.o [2]
      .rodata             inited   0x8003'3ac4      0xc  lcd_menu.o [2]
      .rodata             inited   0x8003'3ad0      0xc  lcd_menu.o [2]
      .rodata             inited   0x8003'3adc      0xc  lcd_menu.o [2]
      .rodata             inited   0x8003'3ae8      0xc  lcd_menu.o [2]
      .rodata             inited   0x8003'3af4      0xc  lcd_menu.o [2]
      .rodata             inited   0x8003'3b00      0xc  lcd_menu.o [2]
      .rodata             inited   0x8003'3b0c      0x8  lcd_menu.o [2]
      .rodata             inited   0x8003'3b14      0x8  lcd_menu.o [2]
      .rodata             inited   0x8003'3b1c      0x8  lcd_menu.o [2]
      .rodata             inited   0x8003'3b24      0x8  lcd_menu.o [2]
      .rodata             inited   0x8003'3b2c      0x8  lcd_menu.o [2]
      .rodata             inited   0x8003'3b34      0x8  lcd_menu.o [2]
      .rodata             inited   0x8003'3b3c      0xc  lcd_menu.o [2]
      .rodata             inited   0x8003'3b48      0xc  lcd_menu.o [2]
      .rodata             inited   0x8003'3b54      0xc  lcd_menu.o [2]
      .rodata             inited   0x8003'3b60      0xc  lcd_menu.o [2]
      .rodata             inited   0x8003'3b6c      0xc  lcd_menu.o [2]
      .rodata             inited   0x8003'3b78      0xc  lcd_menu.o [2]
      .rodata             inited   0x8003'3b84      0xc  lcd_menu.o [2]
      .rodata             inited   0x8003'3b90      0xc  lcd_menu.o [2]
      .rodata             inited   0x8003'3b9c     0x14  lcd_menu.o [2]
      .rodata             inited   0x8003'3bb0      0x8  lcd_menu.o [2]
      .rodata             inited   0x8003'3bb8      0x8  lcd_menu.o [2]
      .rodata             inited   0x8003'3bc0      0x8  lcd_menu.o [2]
      .rodata             inited   0x8003'3bc8      0x8  lcd_menu.o [2]
      .rodata             inited   0x8003'3bd0      0x8  lcd_menu.o [2]
      .rodata             inited   0x8003'3bd8     0x10  lcd_menu.o [2]
      .rodata             inited   0x8003'3be8      0x8  lcd_menu.o [2]
      .rodata             inited   0x8003'3bf0      0x8  lcd_menu.o [2]
      .rodata             inited   0x8003'3bf8      0x8  lcd_menu.o [2]
      .rodata             inited   0x8003'3c00      0xc  lcd_menu.o [2]
      .rodata             inited   0x8003'3c0c      0xc  lcd_menu.o [2]
      .rodata             inited   0x8003'3c18      0xc  lcd_menu.o [2]
      .rodata             inited   0x8003'3c24      0xc  lcd_menu.o [2]
      .rodata             inited   0x8003'3c30      0xc  lcd_menu.o [2]
      .rodata             inited   0x8003'3c3c     0x10  lcd_menu.o [2]
      .rodata             inited   0x8003'3c4c     0x10  lcd_menu.o [2]
      .rodata             inited   0x8003'3c5c      0xc  lcd_menu.o [2]
      .rodata             inited   0x8003'3c68      0x8  lcd_menu.o [2]
      .rodata             inited   0x8003'3c70      0x8  lcd_menu.o [2]
      .rodata             inited   0x8003'3c78      0x8  lcd_show.o [2]
      .rodata             inited   0x8003'3c80      0x8  lcd_show.o [2]
      .rodata             inited   0x8003'3c88      0x8  lcd_show.o [2]
      .rodata             inited   0x8003'3c90      0x8  lcd_show.o [2]
      .rodata             inited   0x8003'3c98      0x8  lcd_show.o [2]
      .rodata             inited   0x8003'3ca0      0x8  lcd_show.o [2]
      .rodata             inited   0x8003'3ca8      0x8  lcd_show.o [2]
      .rodata             inited   0x8003'3cb0      0x8  lcd_show.o [2]
      .rodata             inited   0x8003'3cb8      0x8  lcd_show.o [2]
      .rodata             inited   0x8003'3cc0      0x8  lcd_show.o [2]
      .rodata             inited   0x8003'3cc8      0xc  lcd_show.o [2]
      .rodata             inited   0x8003'3cd4     0x10  lcd_show.o [2]
      .rodata             inited   0x8003'3ce4      0xc  lcd_show.o [2]
      .rodata             inited   0x8003'3cf0      0xc  lcd_show.o [2]
      .rodata             inited   0x8003'3cfc      0xc  lcd_show.o [2]
      .rodata             inited   0x8003'3d08     0x14  main.o [2]
      .rodata             inited   0x8003'3d1c     0x14  main.o [2]
      .rodata             inited   0x8003'3d30     0x14  main.o [2]
      .rodata             inited   0x8003'3d44     0x14  main.o [2]
      .rodata             inited   0x8003'3d58     0x14  main.o [2]
      .rodata             inited   0x8003'3d6c     0x18  main.o [2]
      .rodata             inited   0x8003'3d84     0x14  main.o [2]
      .rodata             inited   0x8003'3d98      0x8  mymooncake.o [2]
      .rodata             inited   0x8003'3da0     0x40  zap.o [2]
      .rodata             inited   0x8003'3de0      0xc  zap.o [2]
      .rodata             inited   0x8003'3dec      0xc  zap.o [2]
      .rodata             inited   0x8003'3df8      0x8  zap.o [2]
      .rodata             inited   0x8003'3e00      0xc  zap.o [2]
      .rodata             inited   0x8003'3e0c      0x8  zap.o [2]
      .rodata             inited   0x8003'3e14      0xc  zf_common_debug.o [2]
      .rodata             inited   0x8003'3e20     0x10  zf_common_debug.o [2]
      .rodata             inited   0x8003'3e30      0xc  zf_common_debug.o [2]
      .rodata             inited   0x8003'3e3c     0x1c  zf_common_debug.o [2]
      .rodata             inited   0x8003'3e58     0x18  zf_common_debug.o [2]
      .rodata             inited   0x8003'3e70     0x10  zf_common_debug.o [2]
      .rodata             inited   0x8003'3e80    0x5f0  zf_common_font.o [2]
      .rodata             inited   0x8003'4470    0x228  zf_common_font.o [2]
      .rodata             inited   0x8003'4698     0x40  zf_common_function.o [2]
      .rodata             inited   0x8003'46d8     0x3c  zf_device_tft180.o [2]
      .rodata             inited   0x8003'4714     0x28  zf_driver_delay.o [2]
      .rodata             inited   0x8003'473c     0x50  zf_driver_delay.o [2]
      .rodata             inited   0x8003'478c     0x3c  zf_driver_encoder.o [2]
      .rodata             inited   0x8003'47c8     0x3c  zf_driver_flash.o [2]
      .rodata             inited   0x8003'4804      0xc  zf_driver_gpio.o [2]
      .rodata             inited   0x8003'4810     0x54  zf_driver_gpio.o [2]
      .rodata             inited   0x8003'4864      0xc  zf_driver_pit.o [2]
      .rodata             inited   0x8003'4870     0x50  zf_driver_pit.o [2]
      .rodata             inited   0x8003'48c0      0xc  zf_driver_pit.o [2]
      .rodata             inited   0x8003'48cc     0x38  zf_driver_pwm.o [2]
      .rodata             inited   0x8003'4904     0x18  zf_driver_spi.o [2]
      .rodata             inited   0x8003'491c     0x38  zf_driver_spi.o [2]
      .rodata             inited   0x8003'4954     0x38  zf_driver_spi.o [2]
      .rodata             inited   0x8003'498c     0x28  zf_driver_timer.o [2]
      .rodata             inited   0x8003'49b4     0x50  zf_driver_timer.o [2]
      .rodata             inited   0x8003'4a04     0x3c  zf_driver_uart.o [2]
      .rodata             inited   0x8003'4a40     0x44  logf.o [5]
      .rodata             inited   0x8003'4a84      0x4  xlocale_c.o [3]
      .text               inited   0x8003'4a88    0xba0  attitude_calculation.o [2]
      .text               inited   0x8003'5628     0x10  audio_capture.o [2]
      .text               inited   0x8003'5638     0x50  beep.o [2]
      .text               inited   0x8003'5688    0x718  bmx055.o [2]
      .text               inited   0x8003'5da0    0x2ac  board.o [2]
      .text               inited   0x8003'604c    0x71c  clock_config.o [2]
      .text               inited   0x8003'6768   0x1e28  deal_img.o [2]
      .text               inited   0x8003'8590     0x1c  fsl_assert.o [2]
      .text               inited   0x8003'85ac     0x44  fsl_cache.o [2]
      .text               inited   0x8003'85f0    0x820  fsl_clock.o [2]
      .text               inited   0x8003'8e10     0x20  fsl_csi.o [2]
      .text               inited   0x8003'8e30    0xb1c  fsl_debug_console.o [2]
      .text               inited   0x8003'994c    0xd88  fsl_edma.o [2]
      .text               inited   0x8003'a6d4    0x150  fsl_enet.o [2]
      .text               inited   0x8003'a824     0xa4  fsl_flexcan.o [2]
      .text               inited   0x8003'a8c8     0x68  fsl_flexio.o [2]
      .text               inited   0x8003'a930    0x22e  fsl_gpio.o [2]
      .text               inited   0x8003'ab60    0x250  fsl_gpt.o [2]
      .text               inited   0x8003'adb0     0x94  fsl_lpi2c.o [2]
      .text               inited   0x8003'ae44    0xc70  fsl_lpspi.o [2]
      .text               inited   0x8003'bab4    0xb04  fsl_lpuart.o [2]
      .text               inited   0x8003'c5b8    0x1bc  fsl_lpuart_edma.o [2]
      .text               inited   0x8003'c774    0x164  fsl_pit.o [2]
      .text               inited   0x8003'c8d8    0xb30  fsl_pwm.o [2]
      .text               inited   0x8003'd408    0x1e4  fsl_qtmr.o [2]
      .text               inited   0x8003'd5ec    0x148  fsl_sai.o [2]
      .text               inited   0x8003'd734     0x48  fsl_spdif.o [2]
      .text               inited   0x8003'd77c     0x38  fsl_usdhc.o [2]
      .text               inited   0x8003'd7b4    0x2b8  isr.o [2]
      .text               inited   0x8003'da6c    0x128  key.o [2]
      .text               inited   0x8003'db94   0x1bb8  lcd_menu.o [2]
      .text               inited   0x8003'f74c    0x5d4  lcd_show.o [2]
      .text               inited   0x8003'fd20    0x1c0  main.o [2]
      .text               inited   0x8003'fee0    0x334  mfcc.o [2]
      .text               inited   0x8004'0214     0x34  mfcc.o [2]
      .text               inited   0x8004'0248    0xb14  motor.o [2]
      .text               inited   0x8004'0d5c   0x2798  mymooncake.o [2]
      .text               inited   0x8004'34f4   0x1a14  pid.o [2]
      .text               inited   0x8004'4f08     0xf8  run_kws_model_demo.o [2]
      .text               inited   0x8004'5000    0x2ce  SEEKFREE_IIC.o [2]
      .text               inited   0x8004'52d0     0x10  timer.o [2]
      .text               inited   0x8004'52e0    0x374  TransformFunctions.o [2]
      .text               inited   0x8004'5654    0x4b0  UARTset.o [2]
      .text               inited   0x8004'5b04    0x176  usb_device_dci.o [2]
      .text               inited   0x8004'5c7c    0x5e4  usb_device_ehci.o [2]
      .text               inited   0x8004'6260   0x1dc8  zap.o [2]
      .text               inited   0x8004'8028     0x1c  zf_common_clock.o [2]
      .text               inited   0x8004'8044    0x498  zf_common_debug.o [2]
      .text               inited   0x8004'84dc    0x290  zf_common_function.o [2]
      .text               inited   0x8004'876c     0xc4  zf_common_interrupt.o [2]
      .text               inited   0x8004'8830   0x11e0  zf_device_tft180.o [2]
      .text               inited   0x8004'9a10      0x2  zf_device_type.o [2]
      .text               inited   0x8004'9a14     0xe0  zf_driver_delay.o [2]
      .text               inited   0x8004'9af4    0x5ac  zf_driver_encoder.o [2]
      .text               inited   0x8004'a0a0    0x1f0  zf_driver_flash.o [2]
      .text               inited   0x8004'a290    0x2e4  zf_driver_gpio.o [2]
      .text               inited   0x8004'a574    0x190  zf_driver_pit.o [2]
      .text               inited   0x8004'a704    0x90c  zf_driver_pwm.o [2]
[...]
                        0x8003'ea2d     0xd4  Code  Gb  lcd_menu.o [2]
relativeYaw             0x2000'0e30      0x4  Data  Gb  bmx055.o [2]
res_pwm                 0x2001'c6dc     0x10  Data  Gb  pid.o [2]
rom_api_entry           0x2001'db54      0x4  Data  Lc  zf_driver_romapi.o [2]
rom_api_flexspi_nor_flash_erase
                        0x8004'b05f     0x26  Code  Gb  zf_driver_romapi.o [2]
rom_api_flexspi_nor_flash_page_program
                        0x8004'b01f     0x26  Code  Gb  zf_driver_romapi.o [2]
rom_api_flexspi_nor_flash_read
                        0x8004'b085     0x32  Code  Gb  zf_driver_romapi.o [2]
rom_api_flexspi_nor_get_config
                        0x8004'b045     0x1a  Code  Gb  zf_driver_romapi.o [2]
rom_api_init            0x8004'b011      0xe  Code  Gb  zf_driver_romapi.o [2]
run_back                0x8004'1ea9    0xb26  Code  Gb  mymooncake.o [2]
run_straight            0x8004'2a29    0x108  Code  Gb  mymooncake.o [2]
run_test                0x8003'f399     0xee  Code  Gb  lcd_menu.o [2]
run_test2               0x8003'f491     0x52  Code  Gb  lcd_menu.o [2]
run_test3               0x8003'f4ed     0x3c  Code  Gb  lcd_menu.o [2]
run_test4               0x8003'f56d    0x124  Code  Gb  lcd_menu.o [2]
run_triangle            0x8004'2b35     0xfc  Code  Gb  mymooncake.o [2]
run_xy_pro              0x8004'2c65    0x75c  Code  Gb  mymooncake.o [2]
s_EDMAHandle            0x2001'bd38     0x80  Data  Lc  fsl_edma.o [2]
s_ENETHandle            0x2001'bdb8      0x8  Data  Lc  fsl_enet.o [2]
s_baudratePrescaler     0x8003'3360      0x8  Data  Lc  fsl_lpspi.o [2]
s_cdcVcom               0x2001'db64     0x10  Data  Gb  zf_driver_usb_cdc.o [2]
s_csiHandle             0x2001'bd1c      0x4  Data  Lc  fsl_csi.o [2]
s_csiIsr                0x2001'bd20      0x4  Data  Lc  fsl_csi.o [2]
s_debugConsole          0x2001'bd24     0x14  Data  Lc  fsl_debug_console.o [2]
s_enet1588TimerIsr      0x2001'bde0      0x8  Data  Lc  fsl_enet.o [2]
s_enetBases             0x8003'2f30      0x8  Data  Lc  fsl_enet.o [2]
s_enetErrIsr            0x2001'bdd0      0x8  Data  Lc  fsl_enet.o [2]
s_enetRxIsr             0x2001'bdc8      0x8  Data  Lc  fsl_enet.o [2]
s_enetTsIsr             0x2001'bdd8      0x8  Data  Lc  fsl_enet.o [2]
s_enetTxIsr             0x2001'bdc0      0x8  Data  Lc  fsl_enet.o [2]
s_flexcanHandle         0x2001'bde8     0x10  Data  Lc  fsl_flexcan.o [2]
s_flexcanIsr            0x2001'bdf8      0x4  Data  Lc  fsl_flexcan.o [2]
s_flexioHandle          0x2001'bdfc      0x8  Data  Lc  fsl_flexio.o [2]
s_flexioIsr             0x2001'be0c      0x8  Data  Lc  fsl_flexio.o [2]
s_flexioType            0x2001'be04      0x8  Data  Lc  fsl_flexio.o [2]
s_gpioBases             0x8003'307c     0x2c  Data  Lc  fsl_gpio.o [2]
s_gpioClock             0x8003'30a8      0xc  Data  Lc  fsl_gpio.o [2]
s_gptBases              0x8003'31d8      0xc  Data  Lc  fsl_gpt.o [2]
s_gptClocks             0x8003'31e4      0x8  Data  Lc  fsl_gpt.o [2]
s_kws                   0x2000'0d8c     0x30  Data  Lc  audio_capture.o [2]
s_lpi2cMasterHandle     0x2001'be18     0x14  Data  Gb  fsl_lpi2c.o [2]
s_lpi2cMasterIsr        0x2001'be14      0x4  Data  Gb  fsl_lpi2c.o [2]
s_lpi2cSlaveHandle      0x2001'be30     0x14  Data  Lc  fsl_lpi2c.o [2]
s_lpi2cSlaveIsr         0x2001'be2c      0x4  Data  Lc  fsl_lpi2c.o [2]
s_lpspiBases            0x8003'3368     0x14  Data  Lc  fsl_lpspi.o [2]
s_lpspiClocks           0x8003'337c      0xc  Data  Lc  fsl_lpspi.o [2]
s_lpspiHandle           0x2001'be44     0x14  Data  Lc  fsl_lpspi.o [2]
s_lpspiMasterIsr        0x2001'be58      0x4  Data  Lc  fsl_lpspi.o [2]
s_lpspiSlaveIsr         0x2001'be5c      0x4  Data  Lc  fsl_lpspi.o [2]
s_lpuartBases           0x8003'34e8     0x24  Data  Lc  fsl_lpuart.o [2]
s_lpuartClock           0x8003'3520     0x14  Data  Lc  fsl_lpuart.o [2]
s_lpuartHandle          0x2001'be68     0x24  Data  Gb  fsl_lpuart.o [2]
s_lpuartIRQ             0x8003'350c     0x14  Data  Gb  fsl_lpuart.o [2]
s_lpuartIsr             0x2001'be8c      0x4  Data  Gb  fsl_lpuart.o [2]
s_pitBases              0x8003'369c      0x4  Data  Lc  fsl_pit.o [2]
s_pitClocks             0x8005'00da      0x2  Data  Lc  fsl_pit.o [2]
s_pwmBases              0x8003'37ac     0x14  Data  Lc  fsl_pwm.o [2]
s_pwmClocks             0x8003'37c0     0x28  Data  Lc  fsl_pwm.o [2]
s_qtmrBases             0x8003'38ac     0x14  Data  Lc  fsl_qtmr.o [2]
s_qtmrClocks            0x8003'38c0      0xc  Data  Lc  fsl_qtmr.o [2]
s_saiHandle             0x2001'be90     0x20  Data  Lc  fsl_sai.o [2]
s_saiRxIsr              0x2001'beb4      0x4  Data  Lc  fsl_sai.o [2]
s_saiTxIsr              0x2001'beb0      0x4  Data  Lc  fsl_sai.o [2]
s_spdifHandle           0x2001'beb8      0x8  Data  Lc  fsl_spdif.o [2]
s_spdifRxIsr            0x2001'bec4      0x4  Data  Lc  fsl_spdif.o [2]
s_spdifTxIsr            0x2001'bec0      0x4  Data  Lc  fsl_spdif.o [2]
s_usdhcBase             0x8003'3930      0xc  Data  Lc  fsl_usdhc.o [2]
s_usdhcHandle           0x2001'bec8      0xc  Data  Lc  fsl_usdhc.o [2]
s_usdhcIsr              0x2001'bed4      0x4  Data  Lc  fsl_usdhc.o [2]
savedata                0x8003'e7f9     0xa8  Code  Gb  lcd_menu.o [2]
scalbln                 0x8004'f0f1           Code  Gb  ldexp.o [5]
scalblnl                0x8004'f0f1           Code  Gb  ldexp.o [5]
scalbn                  0x8004'f0f1           Code  Gb  ldexp.o [5]
scalbnl                 0x8004'f0f1           Code  Gb  ldexp.o [5]
scale                   0x8004'f98f     0x46  Code  Lc  xprintffull_nomb.o [3]
scc8660_finish_flag     0x2001'c944      0x1  Data  Gb  zf_device_scc8660.o [2]
scc8660_image           0x2001'c948      0x4  Data  Gb  zf_device_scc8660.o [2]
sccb_waitack            0x8004'50b9     0x58  Code  Lc  SEEKFREE_IIC.o [2]
sec_hand                0x2001'ddf0      0x4  Data  Lc  xfail_s.o [3]
second_main_page        0x8003'e7d5     0x18  Code  Gb  lcd_menu.o [2]
second_pid              0x8003'ddd5     0x18  Code  Gb  lcd_menu.o [2]
segment_holding         0x8004'd799     0x1a  Code  Lc  dlmalloc.o [3]
send_ST_test            0x8003'ec31     0xbe  Code  Gb  lcd_menu.o [2]
send_TGT_Upper_computer
                        0x8004'11ff     0xae  Code  Gb  mymooncake.o [2]
send_carsite            0x8004'0fed      0x2  Code  Gb  mymooncake.o [2]
send_ch                 0x8004'5111     0x48  Code  Gb  SEEKFREE_IIC.o [2]
send_nowTGT_ori         0x8004'0fef    0x1b8  Code  Gb  mymooncake.o [2]
servo_can               0x2001'bf7c      0x4  Data  Gb  motor.o [2]
servo_change            0x8003'e445    0x344  Code  Gb  lcd_menu.o [2]
servo_control_se        0x8004'09ed    0x32c  Code  Gb  motor.o [2]
servo_duty1             0x2000'0afc     0x24  Data  Gb  motor.o [2]
servo_duty2             0x2000'0b20     0x24  Data  Gb  motor.o [2]
servo_duty3             0x2000'0b94     0x14  Data  Gb  motor.o [2]
servo_duty3_back        0x2000'0be4     0x10  Data  Gb  motor.o [2]
servo_flag              0x2001'c4a8      0x4  Data  Gb  mymooncake.o [2]
servo_menu              0x2000'0990     0x60  Data  Gb  lcd_menu.o [2]
servo_menu_form         0x2000'0c54      0xc  Data  Gb  lcd_menu.o [2]
servo_only              0x8004'33d1     0xb6  Code  Gb  mymooncake.o [2]
servo_test              0x8003'e7b9     0x18  Code  Gb  lcd_menu.o [2]
servo_test_all          0x8003'f35d     0x32  Code  Gb  lcd_menu.o [2]
set_pid_target          0x8004'48b9      0x6  Code  Gb  pid.o [2]
show                    0x8003'6e4b     0x56  Code  Gb  deal_img.o [2]
show_Speed_Info         0x8003'f74d    0x112  Code  Gb  lcd_show.o [2]
show_TGT_site           0x8003'fa37     0x6e  Code  Gb  lcd_show.o [2]
show_attitude_site      0x8003'f85f     0xe4  Code  Gb  lcd_show.o [2]
show_class              0x8003'f943     0xf2  Code  Gb  lcd_show.o [2]
show_img                0x8003'fb77     0xa6  Code  Gb  lcd_show.o [2]
show_path               0x8003'faa7     0xd0  Code  Gb  lcd_show.o [2]
sidelight               0x8003'dd8f     0x2e  Code  Gb  lcd_menu.o [2]
simiic_delay            0x8004'5001     0x10  Code  Gb  SEEKFREE_IIC.o [2]
simiic_delay_time       0x2000'0ca0      0x2  Data  Lc  SEEKFREE_IIC.o [2]
simiic_init             0x8004'52af     0x20  Code  Gb  SEEKFREE_IIC.o [2]
simiic_read_reg         0x8004'51ff     0x4a  Code  Gb  SEEKFREE_IIC.o [2]
simiic_read_regs        0x8004'5249     0x66  Code  Gb  SEEKFREE_IIC.o [2]
simiic_sendack          0x8004'5075     0x44  Code  Gb  SEEKFREE_IIC.o [2]
simiic_start            0x8004'5019     0x2c  Code  Gb  SEEKFREE_IIC.o [2]
simiic_stop             0x8004'5045     0x30  Code  Gb  SEEKFREE_IIC.o [2]
simiic_write_reg        0x8004'51d5     0x2a  Code  Gb  SEEKFREE_IIC.o [2]
sin                     0x8004'cd59      0x4  Code  Gb  cos_sin64.o [5]
sinf                    0x8004'c97d      0x4  Code  Gb  cos_sin32.o [5]
sinl                    0x8004'cd59      0x4  Code  Gb  cos_sin64.o [5]
small_move_can          0x2001'bf78      0x4  Data  Gb  motor.o [2]
speed_info              0x2001'bf04     0x60  Data  Gb  motor.o [2]
speed_max               0x2000'0c88      0x4  Data  Gb  pid.o [2]
speed_protect_1         0x8004'099d     0x32  Code  Gb  motor.o [2]
speed_protect_pro       0x8004'0871     0x6a  Code  Gb  motor.o [2]
speed_protect_pro::cnt  0x2001'bf8c      0x4  Data  Lc  motor.o [2]
speed_protect_pro_2     0x8004'08f5     0xa6  Code  Gb  motor.o [2]
speed_protect_pro_2::cnt
                        0x2001'bf90      0x4  Data  Lc  motor.o [2]
spi_cs_index            0x2001'db58      0xc  Data  Lc  zf_driver_spi.o [2]
spi_index               0x2000'0bd0     0x14  Data  Lc  zf_driver_spi.o [2]
spi_init                0x8004'b719    0x240  Code  Gb  zf_driver_spi.o [2]
spi_iomuxc              0x8004'b1ef    0x430  Code  Gb  zf_driver_spi.o [2]
spi_write               0x8004'b61f     0x9c  Code  Gb  zf_driver_spi.o [2]
spi_write_16bit         0x8004'b6e9     0x24  Code  Gb  zf_driver_spi.o [2]
spi_write_8bit          0x8004'b6d7     0x12  Code  Gb  zf_driver_spi.o [2]
spi_write_8bit_array    0x8004'b6bb     0x1c  Code  Gb  zf_driver_spi.o [2]
sprintf                 0x8004'd675     0x40  Code  Gb  sprintf.o [3]
sqrt                    0x8004'd465           Code  Gb  sqrt.o [5]
sqrtf                   0x8004'c981           Code  Gb  sqrtf.o [5]
sqrtl                   0x8004'd465           Code  Gb  sqrt.o [5]
srand                   0x8004'd659      0xa  Code  Gb  rand.o [3]
status                  0x2001'bf00      0x1  Data  Gb  lcd_menu.o [2]
std::_NomemoryNothrow()
                        0x8005'04b3      0x4  Code  Gb  nomemory.o [4]
std::__iar_New_hand     0x2001'dbf8      0x4  Data  Gb  new.o [4]
std::enable_if<((std::is_arithmetic<int>::value&&std::is_arithmetic<double>::value)&&std::_AvoidSame2), std::_Common_float_type<int, double>::type>::type pow<int, double>(int, double)
                        0x8005'0205     0x20  Code  Gb  mfcc.o [2]
std::enable_if<(std::is_integral<int>::value&&std::_AvoidSame), double>::type log<int>(int)
                        0x8005'0225     0x18  Code  Gb  mfcc.o [2]
stop_run                0x2001'c6fc      0x4  Data  Gb  pid.o [2]
strchr                  0x8004'd325           Code  Gb  strchr.o [6]
strlen                  0x8004'c63d           Code  Gb  strlen.o [6]
subAngle                0x8003'5689     0x76  Code  Gb  bmx055.o [2]
sys_alloc               0x8004'dd59    0x164  Code  Lc  dlmalloc.o [3]
sys_trim                0x8004'debd     0x64  Code  Lc  dlmalloc.o [3]
system_clock            0x2000'0c90      0x4  Data  Gb  zf_common_clock.o [2]
system_delay            0x8004'9a99     0x4a  Code  Gb  zf_driver_delay.o [2]
system_delay_init       0x8004'9a67     0x32  Code  Gb  zf_driver_delay.o [2]
system_init_flag        0x2001'c94d      0x1  Data  Lc  zf_driver_delay.o [2]
take_photo              0x8003'ecef     0x30  Code  Gb  lcd_menu.o [2]
temp                    0x2001'bd10      0x4  Data  Gb  deal_img.o [2]
tempMap                 0x2000'03a8    0x3a8  Data  Gb  zap.o [2]
tempTGT_servo           0x2001'c484     0x1c  Data  Gb  mymooncake.o [2]
temp_TGT_Q              0x2001'c4d0      0x8  Data  Gb  mymooncake.o [2]
test_servo_duty1        0x2000'0bf4      0xc  Data  Gb  lcd_menu.o [2]
test_servo_duty2        0x2000'0c00      0xc  Data  Gb  lcd_menu.o [2]
test_servo_duty3        0x2000'0b80     0x14  Data  Gb  lcd_menu.o [2]
tft180_bgcolor          0x2000'0ca4      0x2  Data  Lc  zf_device_tft180.o [2]
tft180_clear            0x8004'8a49     0x4e  Code  Gb  zf_device_tft180.o [2]
tft180_debug_init       0x8004'89dd     0x6a  Code  Lc  zf_device_tft180.o [2]
tft180_display_dir      0x2001'c94c      0x1  Data  Lc  zf_device_tft180.o [2]
tft180_display_font     0x2000'0ca8      0x1  Data  Lc  zf_device_tft180.o [2]
tft180_draw_line        0x8004'8bb1    0x21c  Code  Gb  zf_device_tft180.o [2]
tft180_draw_point       0x8004'8b2d     0x84  Code  Gb  zf_device_tft180.o [2]
tft180_full             0x8004'8a97     0x56  Code  Gb  zf_device_tft180.o [2]
tft180_init             0x8004'967d    0x374  Code  Gb  zf_device_tft180.o [2]
tft180_pencolor         0x2000'0ca2      0x2  Data  Lc  zf_device_tft180.o [2]
tft180_set_color        0x8004'8b1f      0xe  Code  Gb  zf_device_tft180.o [2]
tft180_set_dir          0x8004'8aed     0x32  Code  Gb  zf_device_tft180.o [2]
tft180_set_region       0x8004'8885    0x158  Code  Lc  zf_device_tft180.o [2]
tft180_show_char        0x8004'8dcd    0x1cc  Code  Gb  zf_device_tft180.o [2]
tft180_show_float       0x8004'9245    0x162  Code  Gb  zf_device_tft180.o [2]
tft180_show_gray_image  0x8004'93bd    0x16e  Code  Gb  zf_device_tft180.o [2]
tft180_show_int         0x8004'904f     0xfc  Code  Gb  zf_device_tft180.o [2]
tft180_show_rgb565_image
                        0x8004'9535    0x132  Code  Gb  zf_device_tft180.o [2]
tft180_show_string      0x8004'8f9d     0xb2  Code  Gb  zf_device_tft180.o [2]
tft180_show_uint        0x8004'914b     0xfa  Code  Gb  zf_device_tft180.o [2]
tft180_write_index      0x8004'885d     0x28  Code  Lc  zf_device_tft180.o [2]
tft180_x_max            0x2000'0ca9      0x1  Data  Lc  zf_device_tft180.o [2]
tft180_y_max            0x2000'0caa      0x1  Data  Lc  zf_device_tft180.o [2]
tgt_info                0x2001'bcac     0x40  Data  Gb  deal_img.o [2]
timer_clear             0x8004'baf3     0x26  Code  Gb  zf_driver_timer.o [2]
timer_get               0x8004'badf     0x14  Code  Gb  zf_driver_timer.o [2]
timer_index             0x2000'0c60      0xc  Data  Gb  zf_driver_timer.o [2]
timer_init              0x8004'bb19     0x78  Code  Gb  zf_driver_timer.o [2]
timer_start             0x8004'bab7     0x14  Code  Gb  zf_driver_timer.o [2]
timer_stop              0x8004'bacb     0x14  Code  Gb  zf_driver_timer.o [2]
tmalloc_large           0x8004'df2d    0x386  Code  Lc  dlmalloc.o [3]
tmalloc_small           0x8004'e2b3    0x200  Code  Lc  dlmalloc.o [3]
total_TGT               0x2001'c464      0x4  Data  Gb  mymooncake.o [2]
twiddleCoef_1024        0x8001'76a8   0x2000  Data  Gb  CommonTables.o [2]
twiddleCoef_128         0x8001'5aa8    0x400  Data  Gb  CommonTables.o [2]
twiddleCoef_16          0x8001'5728     0x80  Data  Gb  CommonTables.o [2]
twiddleCoef_2048        0x8001'96a8   0x4000  Data  Gb  CommonTables.o [2]
twiddleCoef_256         0x8001'5ea8    0x800  Data  Gb  CommonTables.o [2]
twiddleCoef_32          0x8001'57a8    0x100  Data  Gb  CommonTables.o [2]
twiddleCoef_4096        0x8001'd6a8   0x8000  Data  Gb  CommonTables.o [2]
twiddleCoef_512         0x8001'66a8   0x1000  Data  Gb  CommonTables.o [2]
twiddleCoef_64          0x8001'58a8    0x200  Data  Gb  CommonTables.o [2]
twiddleCoef_rfft_1024   0x8002'bb00   0x1000  Data  Gb  CommonTables.o [2]
twiddleCoef_rfft_128    0x8002'ad00    0x200  Data  Gb  CommonTables.o [2]
twiddleCoef_rfft_2048   0x8002'cb00   0x2000  Data  Gb  CommonTables.o [2]
twiddleCoef_rfft_256    0x8002'af00    0x400  Data  Gb  CommonTables.o [2]
twiddleCoef_rfft_32     0x8002'ab80     0x80  Data  Gb  CommonTables.o [2]
twiddleCoef_rfft_4096   0x8002'eb00   0x4000  Data  Gb  CommonTables.o [2]
twiddleCoef_rfft_512    0x8002'b300    0x800  Data  Gb  CommonTables.o [2]
twiddleCoef_rfft_64     0x8002'ac00    0x100  Data  Gb  CommonTables.o [2]
type_default_callback   0x8004'9a11      0x2  Code  Gb  zf_device_type.o [2]
uart1_init              0x8004'581d     0x44  Code  Gb  UARTset.o [2]
uart1_receive           0x2001'c7f8     0x1c  Data  Gb  UARTset.o [2]
uart1_receive_flag      0x2001'c815      0x1  Data  Gb  UARTset.o [2]
uart1_receive_num       0x2001'c814      0x1  Data  Gb  UARTset.o [2]
uart3_init              0x8004'58bf     0x44  Code  Gb  UARTset.o [2]
uart3_receive           0x2001'c854     0x18  Data  Gb  UARTset.o [2]
uart3_receive_flag      0x2001'c86d      0x1  Data  Gb  UARTset.o [2]
uart3_receive_num       0x2001'c86c      0x1  Data  Gb  UARTset.o [2]
uart4_TGT_test          0x8003'e9c5     0x60  Code  Gb  lcd_menu.o [2]
uart4_class_test        0x8003'e961     0x54  Code  Gb  lcd_menu.o [2]
uart4_init              0x8004'5717     0x4c  Code  Gb  UARTset.o [2]
uart4_receive           0x2001'c774     0x44  Data  Gb  UARTset.o [2]
uart5_init              0x8004'597b     0x44  Code  Gb  UARTset.o [2]
uart5_receive           0x2001'c8ac     0x18  Data  Gb  UARTset.o [2]
uart5_receive_flag      0x2001'c8c5      0x1  Data  Gb  UARTset.o [2]
uart5_receive_num       0x2001'c8c4      0x1  Data  Gb  UARTset.o [2]
uart8_init              0x8004'5a1d     0x44  Code  Gb  UARTset.o [2]
uart8_receive           0x2001'c904     0x18  Data  Gb  UARTset.o [2]
uart8_receive_flag      0x2001'c91d      0x1  Data  Gb  UARTset.o [2]
uart8_receive_num       0x2001'c91c      0x1  Data  Gb  UARTset.o [2]
uart_CNM_flag           0x2001'c4b8      0x4  Data  Gb  mymooncake.o [2]
uart_SBCNM              0x2001'c4dc      0xc  Data  Gb  mymooncake.o [2]
uart_dma_callback       0x8004'4f09     0xdc  Code  Gb  run_kws_model_demo.o [2]
uart_index              0x2000'0b44     0x24  Data  Lc  zf_driver_uart.o [2]
uart_init               0x8004'bf9b     0x98  Code  Gb  zf_driver_uart.o [2]
uart_iomuxc             0x8004'bba9    0x368  Code  Gb  zf_driver_uart.o [2]
uart_menu               0x2000'0a38     0x3c  Data  Gb  lcd_menu.o [2]
uart_menu_form          0x2000'0c24      0xc  Data  Gb  lcd_menu.o [2]
uart_rx_interrupt       0x8004'bf5b     0x40  Code  Gb  zf_driver_uart.o [2]
uart_set_handle         0x8004'c033     0x3c  Code  Gb  zf_driver_uart.o [2]
uart_test               0x8003'e789     0x18  Code  Gb  lcd_menu.o [2]
uart_write_byte         0x8004'bf11     0x28  Code  Gb  zf_driver_uart.o [2]
uart_write_string       0x8004'bf39     0x22  Code  Gb  zf_driver_uart.o [2]
update_path             0x8004'7d79    0x26c  Code  Gb  zap.o [2]
update_path::cnt        0x2001'c924      0x4  Data  Lc  zap.o [2]
update_path_flag        0x2001'c478      0x4  Data  Gb  mymooncake.o [2]
update_pathmap          0x8003'6ea1     0x1e  Code  Gb  deal_img.o [2]
virtual_flag            0x2001'c4a0      0x1  Data  Gb  mymooncake.o [2]
wireless_module_uart_handler
                        0x2000'0c98      0x4  Data  Gb  zf_device_type.o [2]
x_drift                 0x2001'c4ac      0x4  Data  Gb  mymooncake.o [2]
y_drift                 0x2001'c4b0      0x4  Data  Gb  mymooncake.o [2]
zap_angle               0x2001'c4b4      0x4  Data  Gb  mymooncake.o [2]
zf_debug_assert_enable  0x2000'0ca7      0x1  Data  Lc  zf_common_debug.o [2]
zf_debug_init_flag      0x2001'c93c      0x1  Data  Lc  zf_common_debug.o [2]


[1] = D:\Desktop\6_10_kws\project\iar\program\..\..\..\libraries\components\eiq\tensorflow-lite\examples\kws
[2] = D:\Desktop\6_10_kws\project\iar\program\nor_sdram_zf_dtcm\Obj
[3] = dl7M_tlf.a
[4] = dlpp7M_tl_fc.a
[5] = m7M_tlv.a
[6] = rt7M_tl.a
[7] = shb_l.a
[8] = zf_device_config.a

    1 188 bytes of readonly  code memory
  113 700 bytes of readwrite code memory
  230 615 bytes of readonly  data memory
  417 786 bytes of readwrite data memory

Errors: none
Warnings: none
